Component: ARM Compiler 5.06 update 6 (build 750) Tool: armlink [4d35ed]

==============================================================================

Section Cross References

    startup_stm32f103xb.o(RESET) refers to startup_stm32f103xb.o(STACK) for __initial_sp
    startup_stm32f103xb.o(RESET) refers to startup_stm32f103xb.o(.text) for Reset_Handler
    startup_stm32f103xb.o(RESET) refers to stm32f1xx_it.o(i.NMI_Handler) for NMI_Handler
    startup_stm32f103xb.o(RESET) refers to stm32f1xx_it.o(i.HardFault_Handler) for HardFault_Handler
    startup_stm32f103xb.o(RESET) refers to stm32f1xx_it.o(i.MemManage_Handler) for MemManage_Handler
    startup_stm32f103xb.o(RESET) refers to stm32f1xx_it.o(i.BusFault_Handler) for BusFault_Handler
    startup_stm32f103xb.o(RESET) refers to stm32f1xx_it.o(i.UsageFault_Handler) for UsageFault_Handler
    startup_stm32f103xb.o(RESET) refers to stm32f1xx_it.o(i.SVC_Handler) for SVC_Handler
    startup_stm32f103xb.o(RESET) refers to stm32f1xx_it.o(i.DebugMon_Handler) for DebugMon_Handler
    startup_stm32f103xb.o(RESET) refers to stm32f1xx_it.o(i.PendSV_Handler) for PendSV_Handler
    startup_stm32f103xb.o(RESET) refers to stm32f1xx_it.o(i.SysTick_Handler) for SysTick_Handler
    startup_stm32f103xb.o(RESET) refers to stm32f1xx_it.o(i.DMA1_Channel1_IRQHandler) for DMA1_Channel1_IRQHandler
    startup_stm32f103xb.o(RESET) refers to stm32f1xx_it.o(i.ADC1_2_IRQHandler) for ADC1_2_IRQHandler
    startup_stm32f103xb.o(RESET) refers to stm32f1xx_it.o(i.TIM4_IRQHandler) for TIM4_IRQHandler
    startup_stm32f103xb.o(RESET) refers to stm32f1xx_it.o(i.SPI1_IRQHandler) for SPI1_IRQHandler
    startup_stm32f103xb.o(RESET) refers to stm32f1xx_it.o(i.USART1_IRQHandler) for USART1_IRQHandler
    startup_stm32f103xb.o(.text) refers to system_stm32f1xx.o(i.SystemInit) for SystemInit
    startup_stm32f103xb.o(.text) refers to entry.o(.ARM.Collect$$$$00000000) for __main
    mb.o(i.eMBClose) refers to mb.o(.data) for .data
    mb.o(i.eMBDisable) refers to mb.o(.data) for .data
    mb.o(i.eMBEnable) refers to mb.o(.data) for .data
    mb.o(i.eMBInit) refers to mbrtu.o(i.eMBRTUInit) for eMBRTUInit
    mb.o(i.eMBInit) refers to portevent.o(i.xMBPortEventInit) for xMBPortEventInit
    mb.o(i.eMBInit) refers to mb.o(.data) for .data
    mb.o(i.eMBInit) refers to mbrtu.o(i.eMBRTUStart) for eMBRTUStart
    mb.o(i.eMBInit) refers to mbrtu.o(i.eMBRTUStop) for eMBRTUStop
    mb.o(i.eMBInit) refers to mbrtu.o(i.eMBRTUSend) for eMBRTUSend
    mb.o(i.eMBInit) refers to mbrtu.o(i.eMBRTUReceive) for eMBRTUReceive
    mb.o(i.eMBInit) refers to mbrtu.o(i.xMBRTUReceiveFSM) for xMBRTUReceiveFSM
    mb.o(i.eMBInit) refers to mbrtu.o(i.xMBRTUTransmitFSM) for xMBRTUTransmitFSM
    mb.o(i.eMBInit) refers to mbrtu.o(i.xMBRTUTimerT35Expired) for xMBRTUTimerT35Expired
    mb.o(i.eMBPoll) refers to portevent.o(i.xMBPortEventGet) for xMBPortEventGet
    mb.o(i.eMBPoll) refers to portevent.o(i.xMBPortEventPost) for xMBPortEventPost
    mb.o(i.eMBPoll) refers to mb.o(.data) for .data
    mb.o(i.eMBRegisterCB) refers to mb.o(.data) for .data
    mb.o(.data) refers to mbfuncother.o(i.eMBFuncReportSlaveID) for eMBFuncReportSlaveID
    mb.o(.data) refers to mbfuncinput.o(i.eMBFuncReadInputRegister) for eMBFuncReadInputRegister
    mb.o(.data) refers to mbfuncholding.o(i.eMBFuncReadHoldingRegister) for eMBFuncReadHoldingRegister
    mb.o(.data) refers to mbfuncholding.o(i.eMBFuncWriteMultipleHoldingRegister) for eMBFuncWriteMultipleHoldingRegister
    mb.o(.data) refers to mbfuncholding.o(i.eMBFuncWriteHoldingRegister) for eMBFuncWriteHoldingRegister
    mb.o(.data) refers to mbfuncholding.o(i.eMBFuncReadWriteMultipleHoldingRegister) for eMBFuncReadWriteMultipleHoldingRegister
    mb.o(.data) refers to mbfunccoils.o(i.eMBFuncReadCoils) for eMBFuncReadCoils
    mb.o(.data) refers to mbfunccoils.o(i.eMBFuncWriteCoil) for eMBFuncWriteCoil
    mb.o(.data) refers to mbfunccoils.o(i.eMBFuncWriteMultipleCoils) for eMBFuncWriteMultipleCoils
    mb.o(.data) refers to mbfuncdisc.o(i.eMBFuncReadDiscreteInputs) for eMBFuncReadDiscreteInputs
    portevent.o(i.xMBPortEventGet) refers to portevent.o(.data) for .data
    portevent.o(i.xMBPortEventInit) refers to portevent.o(.data) for .data
    portevent.o(i.xMBPortEventPost) refers to portevent.o(.data) for .data
    portserial.o(i.vMBPortSerialEnable) refers to main.o(.bss) for huart1
    portserial.o(i.xMBPortSerialGetByte) refers to main.o(.bss) for huart1
    portserial.o(i.xMBPortSerialPutByte) refers to stm32f1xx_hal_uart.o(i.HAL_UART_Transmit) for HAL_UART_Transmit
    portserial.o(i.xMBPortSerialPutByte) refers to main.o(.bss) for huart1
    porttimer.o(i.xMBPortTimersInit) refers to porttimer.o(.data) for .data
    mbcrc.o(i.usMBCRC16) refers to mbcrc.o(.constdata) for .constdata
    mbrtu.o(i.eMBRTUInit) refers to portserial.o(i.xMBPortSerialInit) for xMBPortSerialInit
    mbrtu.o(i.eMBRTUInit) refers to porttimer.o(i.xMBPortTimersInit) for xMBPortTimersInit
[...]
    ../clib/microlib/init/entry.s            0x00000000   Number         0  entry10a.o ABSOLUTE
    ../clib/microlib/init/entry.s            0x00000000   Number         0  entry2.o ABSOLUTE
    ../clib/microlib/init/entry.s            0x00000000   Number         0  entry5.o ABSOLUTE
    ../clib/microlib/init/entry.s            0x00000000   Number         0  entry9b.o ABSOLUTE
    ../clib/microlib/init/entry.s            0x00000000   Number         0  entry8b.o ABSOLUTE
    ../clib/microlib/longlong.c              0x00000000   Number         0  llushr.o ABSOLUTE
    ../clib/microlib/malloc/malloc.c         0x00000000   Number         0  malloc.o ABSOLUTE
    ../clib/microlib/malloc/malloc.c         0x00000000   Number         0  mallocr.o ABSOLUTE
    ../clib/microlib/malloc/malloc.c         0x00000000   Number         0  malloca.o ABSOLUTE
    ../clib/microlib/malloc/malloc.c         0x00000000   Number         0  mallocra.o ABSOLUTE
    ../clib/microlib/malloc/mvars.c          0x00000000   Number         0  mvars.o ABSOLUTE
    ../clib/microlib/stdlib/abort.c          0x00000000   Number         0  abort.o ABSOLUTE
    ../clib/microlib/string/memcpy.c         0x00000000   Number         0  memcpyb.o ABSOLUTE
    ../clib/microlib/string/memcpy.c         0x00000000   Number         0  memcpya.o ABSOLUTE
    ../clib/microlib/string/strlen.c         0x00000000   Number         0  strlen.o ABSOLUTE
    ../clib/microlib/stubs.s                 0x00000000   Number         0  iusefp.o ABSOLUTE
    ../fplib/microlib/fpdiv.c                0x00000000   Number         0  fdiv.o ABSOLUTE
    ../fplib/microlib/fpepilogue.c           0x00000000   Number         0  fepilogue.o ABSOLUTE
    ../fplib/microlib/fpflt.c                0x00000000   Number         0  fflti.o ABSOLUTE
    ../fplib/microlib/fpscalb.c              0x00000000   Number         0  fscalb.o ABSOLUTE
    ..\Drivers\STM32F1xx_HAL_Driver\Src\stm32f1xx_hal.c 0x00000000   Number         0  stm32f1xx_hal.o ABSOLUTE
    ..\Drivers\STM32F1xx_HAL_Driver\Src\stm32f1xx_hal_adc.c 0x00000000   Number         0  stm32f1xx_hal_adc.o ABSOLUTE
    ..\Drivers\STM32F1xx_HAL_Driver\Src\stm32f1xx_hal_adc_ex.c 0x00000000   Number         0  stm32f1xx_hal_adc_ex.o ABSOLUTE
    ..\Drivers\STM32F1xx_HAL_Driver\Src\stm32f1xx_hal_cortex.c 0x00000000   Number         0  stm32f1xx_hal_cortex.o ABSOLUTE
    ..\Drivers\STM32F1xx_HAL_Driver\Src\stm32f1xx_hal_dma.c 0x00000000   Number         0  stm32f1xx_hal_dma.o ABSOLUTE
    ..\Drivers\STM32F1xx_HAL_Driver\Src\stm32f1xx_hal_flash.c 0x00000000   Number         0  stm32f1xx_hal_flash.o ABSOLUTE
    ..\Drivers\STM32F1xx_HAL_Driver\Src\stm32f1xx_hal_flash_ex.c 0x00000000   Number         0  stm32f1xx_hal_flash_ex.o ABSOLUTE
    ..\Drivers\STM32F1xx_HAL_Driver\Src\stm32f1xx_hal_gpio.c 0x00000000   Number         0  stm32f1xx_hal_gpio.o ABSOLUTE
    ..\Drivers\STM32F1xx_HAL_Driver\Src\stm32f1xx_hal_gpio_ex.c 0x00000000   Number         0  stm32f1xx_hal_gpio_ex.o ABSOLUTE
    ..\Drivers\STM32F1xx_HAL_Driver\Src\stm32f1xx_hal_i2c.c 0x00000000   Number         0  stm32f1xx_hal_i2c.o ABSOLUTE
    ..\Drivers\STM32F1xx_HAL_Driver\Src\stm32f1xx_hal_iwdg.c 0x00000000   Number         0  stm32f1xx_hal_iwdg.o ABSOLUTE
    ..\Drivers\STM32F1xx_HAL_Driver\Src\stm32f1xx_hal_pwr.c 0x00000000   Number         0  stm32f1xx_hal_pwr.o ABSOLUTE
    ..\Drivers\STM32F1xx_HAL_Driver\Src\stm32f1xx_hal_rcc.c 0x00000000   Number         0  stm32f1xx_hal_rcc.o ABSOLUTE
    ..\Drivers\STM32F1xx_HAL_Driver\Src\stm32f1xx_hal_rcc_ex.c 0x00000000   Number         0  stm32f1xx_hal_rcc_ex.o ABSOLUTE
    ..\Drivers\STM32F1xx_HAL_Driver\Src\stm32f1xx_hal_spi.c 0x00000000   Number         0  stm32f1xx_hal_spi.o ABSOLUTE
    ..\Drivers\STM32F1xx_HAL_Driver\Src\stm32f1xx_hal_spi_ex.c 0x00000000   Number         0  stm32f1xx_hal_spi_ex.o ABSOLUTE
    ..\Drivers\STM32F1xx_HAL_Driver\Src\stm32f1xx_hal_tim.c 0x00000000   Number         0  stm32f1xx_hal_tim.o ABSOLUTE
    ..\Drivers\STM32F1xx_HAL_Driver\Src\stm32f1xx_hal_tim_ex.c 0x00000000   Number         0  stm32f1xx_hal_tim_ex.o ABSOLUTE
    ..\Drivers\STM32F1xx_HAL_Driver\Src\stm32f1xx_hal_uart.c 0x00000000   Number         0  stm32f1xx_hal_uart.o ABSOLUTE
    ..\Src\main.c                            0x00000000   Number         0  main.o ABSOLUTE
    ..\Src\stm32f1xx_hal_msp.c               0x00000000   Number         0  stm32f1xx_hal_msp.o ABSOLUTE
    ..\Src\stm32f1xx_it.c                    0x00000000   Number         0  stm32f1xx_it.o ABSOLUTE
    ..\\Src\system_stm32f1xx.c               0x00000000   Number         0  system_stm32f1xx.o ABSOLUTE
    ..\\modbus\\functions\\mbfunccoils.c     0x00000000   Number         0  mbfunccoils.o ABSOLUTE
    ..\\modbus\\functions\\mbfuncdisc.c      0x00000000   Number         0  mbfuncdisc.o ABSOLUTE
    ..\\modbus\\functions\\mbfuncholding.c   0x00000000   Number         0  mbfuncholding.o ABSOLUTE
    ..\\modbus\\functions\\mbfuncinput.c     0x00000000   Number         0  mbfuncinput.o ABSOLUTE
    ..\\modbus\\functions\\mbfuncother.c     0x00000000   Number         0  mbfuncother.o ABSOLUTE
    ..\\modbus\\functions\\mbutils.c         0x00000000   Number         0  mbutils.o ABSOLUTE
    ..\\modbus\\mb.c                         0x00000000   Number         0  mb.o ABSOLUTE
    ..\\modbus\\port\\portevent.c            0x00000000   Number         0  portevent.o ABSOLUTE
    ..\\modbus\\port\\portserial.c           0x00000000   Number         0  portserial.o ABSOLUTE
    ..\\modbus\\port\\porttimer.c            0x00000000   Number         0  porttimer.o ABSOLUTE
    ..\\modbus\\rtu\\mbcrc.c                 0x00000000   Number         0  mbcrc.o ABSOLUTE
    ..\\modbus\\rtu\\mbrtu.c                 0x00000000   Number         0  mbrtu.o ABSOLUTE
    ..\modbus\functions\mbfunccoils.c        0x00000000   Number         0  mbfunccoils.o ABSOLUTE
    ..\modbus\functions\mbfuncdiag.c         0x00000000   Number         0  mbfuncdiag.o ABSOLUTE
    ..\modbus\functions\mbfuncdisc.c         0x00000000   Number         0  mbfuncdisc.o ABSOLUTE
    ..\modbus\functions\mbfuncholding.c      0x00000000   Number         0  mbfuncholding.o ABSOLUTE
    ..\modbus\functions\mbfuncinput.c        0x00000000   Number         0  mbfuncinput.o ABSOLUTE
    ..\modbus\functions\mbfuncother.c        0x00000000   Number         0  mbfuncother.o ABSOLUTE
    ..\modbus\functions\mbutils.c            0x00000000   Number         0  mbutils.o ABSOLUTE
    ..\modbus\mb.c                           0x00000000   Number         0  mb.o ABSOLUTE
    ..\modbus\port\portevent.c               0x00000000   Number         0  portevent.o ABSOLUTE
    ..\modbus\port\portserial.c              0x00000000   Number         0  portserial.o ABSOLUTE
    ..\modbus\port\porttimer.c               0x00000000   Number         0  porttimer.o ABSOLUTE
    ..\modbus\rtu\mbcrc.c                    0x00000000   Number         0  mbcrc.o ABSOLUTE
    ..\modbus\rtu\mbrtu.c                    0x00000000   Number         0  mbrtu.o ABSOLUTE
    dc.s                                     0x00000000   Number         0  dc.o ABSOLUTE
    handlers.s                               0x00000000   Number         0  handlers.o ABSOLUTE
    init.s                                   0x00000000   Number         0  init.o ABSOLUTE
    startup_stm32f103xb.s                    0x00000000   Number         0  startup_stm32f103xb.o ABSOLUTE
    RESET                                    0x08000000   Section      236  startup_stm32f103xb.o(RESET)
    .ARM.Collect$$$$00000000                 0x080000ec   Section        0  entry.o(.ARM.Collect$$$$00000000)
    .ARM.Collect$$$$00000001                 0x080000ec   Section        4  entry2.o(.ARM.Collect$$$$00000001)
    .ARM.Collect$$$$00000004                 0x080000f0   Section        4  entry5.o(.ARM.Collect$$$$00000004)
    .ARM.Collect$$$$00000008                 0x080000f4   Section        0  entry7b.o(.ARM.Collect$$$$00000008)
    .ARM.Collect$$$$0000000A                 0x080000f4   Section        0  entry8b.o(.ARM.Collect$$$$0000000A)
    .ARM.Collect$$$$0000000B                 0x080000f4   Section        8  entry9a.o(.ARM.Collect$$$$0000000B)
    .ARM.Collect$$$$0000000D                 0x080000fc   Section        0  entry10a.o(.ARM.Collect$$$$0000000D)
    .ARM.Collect$$$$0000000F                 0x080000fc   Section        0  entry11a.o(.ARM.Collect$$$$0000000F)
    .ARM.Collect$$$$00002712                 0x080000fc   Section        4  entry2.o(.ARM.Collect$$$$00002712)
    __lit__00000000                          0x080000fc   Data           4  entry2.o(.ARM.Collect$$$$00002712)
    .text                                    0x08000100   Section       36  startup_stm32f103xb.o(.text)
    .text                                    0x08000124   Section        0  memcpya.o(.text)
    .text                                    0x08000148   Section        0  fdiv.o(.text)
    .text                                    0x080001c4   Section        0  fscalb.o(.text)
    .text                                    0x080001dc   Section        0  fflti.o(.text)
    .text                                    0x080001ee   Section        0  fepilogue.o(.text)
    .text                                    0x080001ee   Section        0  iusefp.o(.text)
    .text                                    0x0800025c   Section       36  init.o(.text)
    i.ADC1_2_IRQHandler                      0x08000280   Section        0  stm32f1xx_it.o(i.ADC1_2_IRQHandler)
    i.ADC_ConversionStop_Disable             0x0800028c   Section        0  stm32f1xx_hal_adc.o(i.ADC_ConversionStop_Disable)
    i.ADC_DMAConvCplt                        0x080002d8   Section        0  stm32f1xx_hal_adc.o(i.ADC_DMAConvCplt)
    i.ADC_DMAError                           0x08000326   Section        0  stm32f1xx_hal_adc.o(i.ADC_DMAError)
    i.ADC_DMAHalfConvCplt                    0x08000340   Section        0  stm32f1xx_hal_adc.o(i.ADC_DMAHalfConvCplt)
    i.ADC_Enable                             0x0800034c   Section        0  stm32f1xx_hal_adc.o(i.ADC_Enable)
    i.ADC_to_Modbus                          0x080003bc   Section        0  main.o(i.ADC_to_Modbus)
    i.BusFault_Handler                       0x080003c6   Section        0  stm32f1xx_it.o(i.BusFault_Handler)
    i.DMA1_Channel1_IRQHandler               0x080003c8   Section        0  stm32f1xx_it.o(i.DMA1_Channel1_IRQHandler)
    i.DMA_SetConfig                          0x080003d4   Section        0  stm32f1xx_hal_dma.o(i.DMA_SetConfig)
    DMA_SetConfig                            0x080003d5   Thumb Code    42  stm32f1xx_hal_dma.o(i.DMA_SetConfig)
    i.DebugMon_Handler                       0x080003fe   Section        0  stm32f1xx_it.o(i.DebugMon_Handler)
    i.GetTick_to_Modbus                      0x08000400   Section        0  main.o(i.GetTick_to_Modbus)
    i.HAL_ADCEx_InjectedConvCpltCallback     0x08000434   Section        0  stm32f1xx_hal_adc_ex.o(i.HAL_ADCEx_InjectedConvCpltCallback)
    i.HAL_ADC_ConfigChannel                  0x08000438   Section        0  stm32f1xx_hal_adc.o(i.HAL_ADC_ConfigChannel)
    i.HAL_ADC_ConvCpltCallback               0x08000658   Section        0  stm32f1xx_hal_adc.o(i.HAL_ADC_ConvCpltCallback)
    i.HAL_ADC_ConvHalfCpltCallback           0x0800065a   Section        0  stm32f1xx_hal_adc.o(i.HAL_ADC_ConvHalfCpltCallback)
    i.HAL_ADC_ErrorCallback                  0x0800065c   Section        0  stm32f1xx_hal_adc.o(i.HAL_ADC_ErrorCallback)
    i.HAL_ADC_IRQHandler                     0x08000660   Section        0  stm32f1xx_hal_adc.o(i.HAL_ADC_IRQHandler)
    i.HAL_ADC_Init                           0x080007c4   Section        0  stm32f1xx_hal_adc.o(i.HAL_ADC_Init)
    i.HAL_ADC_LevelOutOfWindowCallback       0x080009e4   Section        0  stm32f1xx_hal_adc.o(i.HAL_ADC_LevelOutOfWindowCallback)
    i.HAL_ADC_MspInit                        0x080009e8   Section        0  stm32f1xx_hal_msp.o(i.HAL_ADC_MspInit)
    i.HAL_ADC_Start_DMA                      0x08000a90   Section        0  stm32f1xx_hal_adc.o(i.HAL_ADC_Start_DMA)
    i.HAL_DMA_Abort_IT                       0x08000be4   Section        0  stm32f1xx_hal_dma.o(i.HAL_DMA_Abort_IT)
    i.HAL_DMA_IRQHandler                     0x08000c7c   Section        0  stm32f1xx_hal_dma.o(i.HAL_DMA_IRQHandler)
    i.HAL_DMA_Init                           0x08000dd0   Section        0  stm32f1xx_hal_dma.o(i.HAL_DMA_Init)
    i.HAL_DMA_Start_IT                       0x08000f44   Section        0  stm32f1xx_hal_dma.o(i.HAL_DMA_Start_IT)
    i.HAL_GPIO_Init                          0x08001010   Section        0  stm32f1xx_hal_gpio.o(i.HAL_GPIO_Init)
    i.HAL_GPIO_TogglePin                     0x08001338   Section        0  stm32f1xx_hal_gpio.o(i.HAL_GPIO_TogglePin)
    i.HAL_GPIO_WritePin                      0x08001390   Section        0  stm32f1xx_hal_gpio.o(i.HAL_GPIO_WritePin)
    i.HAL_GetTick                            0x080013fc   Section        0  stm32f1xx_hal.o(i.HAL_GetTick)
    i.HAL_I2C_Init                           0x08001408   Section        0  stm32f1xx_hal_i2c.o(i.HAL_I2C_Init)
    i.HAL_I2C_Master_Transmit                0x08001640   Section        0  stm32f1xx_hal_i2c.o(i.HAL_I2C_Master_Transmit)
    i.HAL_I2C_Mem_Read                       0x08001778   Section        0  stm32f1xx_hal_i2c.o(i.HAL_I2C_Mem_Read)
    i.HAL_I2C_MspInit                        0x080019e0   Section        0  stm32f1xx_hal_msp.o(i.HAL_I2C_MspInit)
    i.HAL_IWDG_Init                          0x08001a24   Section        0  stm32f1xx_hal_iwdg.o(i.HAL_IWDG_Init)
    i.HAL_IncTick                            0x08001afc   Section        0  stm32f1xx_hal.o(i.HAL_IncTick)
    i.HAL_Init                               0x08001b0c   Section        0  stm32f1xx_hal.o(i.HAL_Init)
    i.HAL_InitTick                           0x08001b30   Section        0  stm32f1xx_hal.o(i.HAL_InitTick)
    i.HAL_MspInit                            0x08001b70   Section        0  stm32f1xx_hal_msp.o(i.HAL_MspInit)
    i.HAL_NVIC_EnableIRQ                     0x08001c00   Section        0  stm32f1xx_hal_cortex.o(i.HAL_NVIC_EnableIRQ)
    i.HAL_NVIC_SetPriority                   0x08001c60   Section        0  stm32f1xx_hal_cortex.o(i.HAL_NVIC_SetPriority)
    i.HAL_NVIC_SetPriorityGrouping           0x08001d00   Section        0  stm32f1xx_hal_cortex.o(i.HAL_NVIC_SetPriorityGrouping)
    i.HAL_RCCEx_PeriphCLKConfig              0x08001d80   Section        0  stm32f1xx_hal_rcc_ex.o(i.HAL_RCCEx_PeriphCLKConfig)
    i.HAL_RCC_CSSCallback                    0x08001f14   Section        0  stm32f1xx_hal_rcc.o(i.HAL_RCC_CSSCallback)
    i.HAL_RCC_ClockConfig                    0x08001f18   Section        0  stm32f1xx_hal_rcc.o(i.HAL_RCC_ClockConfig)
    i.HAL_RCC_EnableCSS                      0x08002174   Section        0  stm32f1xx_hal_rcc.o(i.HAL_RCC_EnableCSS)
    i.HAL_RCC_GetHCLKFreq                    0x08002180   Section        0  stm32f1xx_hal_rcc.o(i.HAL_RCC_GetHCLKFreq)
    i.HAL_RCC_GetPCLK1Freq                   0x0800218c   Section        0  stm32f1xx_hal_rcc.o(i.HAL_RCC_GetPCLK1Freq)
    i.HAL_RCC_GetPCLK2Freq                   0x080021ac   Section        0  stm32f1xx_hal_rcc.o(i.HAL_RCC_GetPCLK2Freq)
    i.HAL_RCC_GetSysClockFreq                0x080021cc   Section        0  stm32f1xx_hal_rcc.o(i.HAL_RCC_GetSysClockFreq)
    i.HAL_RCC_NMI_IRQHandler                 0x08002238   Section        0  stm32f1xx_hal_rcc.o(i.HAL_RCC_NMI_IRQHandler)
    i.HAL_RCC_OscConfig                      0x08002250   Section        0  stm32f1xx_hal_rcc.o(i.HAL_RCC_OscConfig)
    i.HAL_SPI_ErrorCallback                  0x080026ca   Section        0  stm32f1xx_hal_spi.o(i.HAL_SPI_ErrorCallback)
    i.HAL_SPI_IRQHandler                     0x080026cc   Section        0  stm32f1xx_hal_spi.o(i.HAL_SPI_IRQHandler)
    i.HAL_SPI_Init                           0x08002790   Section        0  stm32f1xx_hal_spi_ex.o(i.HAL_SPI_Init)
    i.HAL_SPI_MspInit                        0x08002918   Section        0  stm32f1xx_hal_msp.o(i.HAL_SPI_MspInit)
    i.HAL_SYSTICK_CLKSourceConfig            0x08002990   Section        0  stm32f1xx_hal_cortex.o(i.HAL_SYSTICK_CLKSourceConfig)
    i.HAL_SYSTICK_Callback                   0x080029f4   Section        0  stm32f1xx_hal_cortex.o(i.HAL_SYSTICK_Callback)
    i.HAL_SYSTICK_Config                     0x080029f6   Section        0  stm32f1xx_hal_cortex.o(i.HAL_SYSTICK_Config)
    i.HAL_SYSTICK_IRQHandler                 0x08002a1e   Section        0  stm32f1xx_hal_cortex.o(i.HAL_SYSTICK_IRQHandler)
    i.HAL_TIMEx_BreakCallback                0x08002a26   Section        0  stm32f1xx_hal_tim_ex.o(i.HAL_TIMEx_BreakCallback)
    i.HAL_TIMEx_CommutationCallback          0x08002a28   Section        0  stm32f1xx_hal_tim_ex.o(i.HAL_TIMEx_CommutationCallback)
    i.HAL_TIMEx_MasterConfigSynchronization  0x08002a2c   Section        0  stm32f1xx_hal_tim_ex.o(i.HAL_TIMEx_MasterConfigSynchronization)
    i.HAL_TIM_Base_Init                      0x08002b28   Section        0  stm32f1xx_hal_tim.o(i.HAL_TIM_Base_Init)
    i.HAL_TIM_Base_MspInit                   0x08002c08   Section        0  stm32f1xx_hal_msp.o(i.HAL_TIM_Base_MspInit)
    i.HAL_TIM_Base_Start_IT                  0x08002c44   Section        0  stm32f1xx_hal_tim.o(i.HAL_TIM_Base_Start_IT)
    i.HAL_TIM_Base_Stop_IT                   0x08002cc8   Section        0  stm32f1xx_hal_tim.o(i.HAL_TIM_Base_Stop_IT)
    i.HAL_TIM_ConfigClockSource              0x08002d60   Section        0  stm32f1xx_hal_tim.o(i.HAL_TIM_ConfigClockSource)
    i.HAL_TIM_IC_CaptureCallback             0x0800310c   Section        0  stm32f1xx_hal_tim.o(i.HAL_TIM_IC_CaptureCallback)
    i.HAL_TIM_IRQHandler                     0x0800310e   Section        0  stm32f1xx_hal_tim.o(i.HAL_TIM_IRQHandler)
    i.HAL_TIM_MspPostInit                    0x08003274   Section        0  stm32f1xx_hal_msp.o(i.HAL_TIM_MspPostInit)
    i.HAL_TIM_OC_DelayElapsedCallback        0x08003298   Section        0  stm32f1xx_hal_tim.o(i.HAL_TIM_OC_DelayElapsedCallback)
    i.HAL_TIM_PWM_ConfigChannel              0x0800329c   Section        0  stm32f1xx_hal_tim.o(i.HAL_TIM_PWM_ConfigChannel)
    i.HAL_TIM_PWM_Init                       0x0800348c   Section        0  stm32f1xx_hal_tim.o(i.HAL_TIM_PWM_Init)
    i.HAL_TIM_PWM_MspInit                    0x08003574   Section        0  stm32f1xx_hal_msp.o(i.HAL_TIM_PWM_MspInit)
    i.HAL_TIM_PWM_PulseFinishedCallback      0x08003598   Section        0  stm32f1xx_hal_tim.o(i.HAL_TIM_PWM_PulseFinishedCallback)
    i.HAL_TIM_PeriodElapsedCallback          0x0800359a   Section        0  stm32f1xx_hal_tim.o(i.HAL_TIM_PeriodElapsedCallback)
    i.HAL_TIM_TriggerCallback                0x0800359c   Section        0  stm32f1xx_hal_tim.o(i.HAL_TIM_TriggerCallback)
    i.HAL_UART_ErrorCallback                 0x0800359e   Section        0  stm32f1xx_hal_uart.o(i.HAL_UART_ErrorCallback)
    i.HAL_UART_IRQHandler                    0x080035a0   Section        0  stm32f1xx_hal_uart.o(i.HAL_UART_IRQHandler)
    i.HAL_UART_Init                          0x080036b0   Section        0  stm32f1xx_hal_uart.o(i.HAL_UART_Init)
    i.HAL_UART_MspInit                       0x080037c4   Section        0  stm32f1xx_hal_msp.o(i.HAL_UART_MspInit)
    i.HAL_UART_RxCpltCallback                0x0800382c   Section        0  stm32f1xx_hal_uart.o(i.HAL_UART_RxCpltCallback)
    i.HAL_UART_Transmit                      0x0800382e   Section        0  stm32f1xx_hal_uart.o(i.HAL_UART_Transmit)
    i.HAL_UART_TxCpltCallback                0x080038e8   Section        0  stm32f1xx_hal_uart.o(i.HAL_UART_TxCpltCallback)
    i.HardFault_Handler                      0x080038ea   Section        0  stm32f1xx_it.o(i.HardFault_Handler)
    i.I2C_IsAcknowledgeFailed                0x080038ec   Section        0  stm32f1xx_hal_i2c.o(i.I2C_IsAcknowledgeFailed)
    I2C_IsAcknowledgeFailed                  0x080038ed   Thumb Code    40  stm32f1xx_hal_i2c.o(i.I2C_IsAcknowledgeFailed)
    i.I2C_MasterRequestWrite                 0x08003914   Section        0  stm32f1xx_hal_i2c.o(i.I2C_MasterRequestWrite)
    I2C_MasterRequestWrite                   0x08003915   Thumb Code   142  stm32f1xx_hal_i2c.o(i.I2C_MasterRequestWrite)
    i.I2C_RequestMemoryRead                  0x080039a8   Section        0  stm32f1xx_hal_i2c.o(i.I2C_RequestMemoryRead)
    I2C_RequestMemoryRead                    0x080039a9   Thumb Code   240  stm32f1xx_hal_i2c.o(i.I2C_RequestMemoryRead)
    i.I2C_WaitOnBTFFlagUntilTimeout          0x08003a98   Section        0  stm32f1xx_hal_i2c.o(i.I2C_WaitOnBTFFlagUntilTimeout)
    I2C_WaitOnBTFFlagUntilTimeout            0x08003a99   Thumb Code    78  stm32f1xx_hal_i2c.o(i.I2C_WaitOnBTFFlagUntilTimeout)
    i.I2C_WaitOnFlagUntilTimeout             0x08003ae6   Section        0  stm32f1xx_hal_i2c.o(i.I2C_WaitOnFlagUntilTimeout)
    I2C_WaitOnFlagUntilTimeout               0x08003ae7   Thumb Code    96  stm32f1xx_hal_i2c.o(i.I2C_WaitOnFlagUntilTimeout)
    i.I2C_WaitOnMasterAddressFlagUntilTimeout 0x08003b48   Section        0  stm32f1xx_hal_i2c.o(i.I2C_WaitOnMasterAddressFlagUntilTimeout)
    I2C_WaitOnMasterAddressFlagUntilTimeout  0x08003b49   Thumb Code   136  stm32f1xx_hal_i2c.o(i.I2C_WaitOnMasterAddressFlagUntilTimeout)
    i.I2C_WaitOnRXNEFlagUntilTimeout         0x08003bd0   Section        0  stm32f1xx_hal_i2c.o(i.I2C_WaitOnRXNEFlagUntilTimeout)
    I2C_WaitOnRXNEFlagUntilTimeout           0x08003bd1   Thumb Code    98  stm32f1xx_hal_i2c.o(i.I2C_WaitOnRXNEFlagUntilTimeout)
    i.I2C_WaitOnTXEFlagUntilTimeout          0x08003c32   Section        0  stm32f1xx_hal_i2c.o(i.I2C_WaitOnTXEFlagUntilTimeout)
    I2C_WaitOnTXEFlagUntilTimeout            0x08003c33   Thumb Code    78  stm32f1xx_hal_i2c.o(i.I2C_WaitOnTXEFlagUntilTimeout)
    i.MX_ADC1_Init                           0x08003c80   Section        0  main.o(i.MX_ADC1_Init)
    MX_ADC1_Init                             0x08003c81   Thumb Code   158  main.o(i.MX_ADC1_Init)
    i.MX_GPIO_Init                           0x08003d28   Section        0  main.o(i.MX_GPIO_Init)
    MX_GPIO_Init                             0x08003d29   Thumb Code   142  main.o(i.MX_GPIO_Init)
    i.MX_I2C1_Init                           0x08003dc0   Section        0  main.o(i.MX_I2C1_Init)
    MX_I2C1_Init                             0x08003dc1   Thumb Code    44  main.o(i.MX_I2C1_Init)
    i.MX_SPI1_Init                           0x08003df8   Section        0  main.o(i.MX_SPI1_Init)
    MX_SPI1_Init                             0x08003df9   Thumb Code    56  main.o(i.MX_SPI1_Init)
    i.MX_TIM2_Init                           0x08003e38   Section        0  main.o(i.MX_TIM2_Init)
    MX_TIM2_Init                             0x08003e39   Thumb Code    90  main.o(i.MX_TIM2_Init)
    i.MX_TIM4_Init                           0x08003e98   Section        0  main.o(i.MX_TIM4_Init)
    MX_TIM4_Init                             0x08003e99   Thumb Code    76  main.o(i.MX_TIM4_Init)
    i.MemManage_Handler                      0x08003eec   Section        0  stm32f1xx_it.o(i.MemManage_Handler)
    i.NMI_Handler                            0x08003eee   Section        0  stm32f1xx_it.o(i.NMI_Handler)
    i.NVIC_SetPriority                       0x08003ef2   Section        0  stm32f1xx_hal_cortex.o(i.NVIC_SetPriority)
    NVIC_SetPriority                         0x08003ef3   Thumb Code    32  stm32f1xx_hal_cortex.o(i.NVIC_SetPriority)
    i.PendSV_Handler                         0x08003f12   Section        0  stm32f1xx_it.o(i.PendSV_Handler)
    i.SPI1_IRQHandler                        0x08003f14   Section        0  stm32f1xx_it.o(i.SPI1_IRQHandler)
    i.SPI_DMAAbortOnError                    0x08003f20   Section        0  stm32f1xx_hal_spi.o(i.SPI_DMAAbortOnError)
    SPI_DMAAbortOnError                      0x08003f21   Thumb Code    16  stm32f1xx_hal_spi.o(i.SPI_DMAAbortOnError)
    i.SVC_Handler                            0x08003f30   Section        0  stm32f1xx_it.o(i.SVC_Handler)
    i.SysTick_Handler                        0x08003f32   Section        0  stm32f1xx_it.o(i.SysTick_Handler)
    i.SystemClock_Config                     0x08003f40   Section        0  main.o(i.SystemClock_Config)
    i.SystemInit                             0x08003fc4   Section        0  system_stm32f1xx.o(i.SystemInit)
    i.TIM4_IRQHandler                        0x0800400c   Section        0  stm32f1xx_it.o(i.TIM4_IRQHandler)
    i.TIM_Base_SetConfig                     0x08004050   Section        0  stm32f1xx_hal_tim.o(i.TIM_Base_SetConfig)
    i.TIM_ETR_SetConfig                      0x080040bc   Section        0  stm32f1xx_hal_tim.o(i.TIM_ETR_SetConfig)
    TIM_ETR_SetConfig                        0x080040bd   Thumb Code    20  stm32f1xx_hal_tim.o(i.TIM_ETR_SetConfig)
    i.TIM_ITRx_SetConfig                     0x080040d0   Section        0  stm32f1xx_hal_tim.o(i.TIM_ITRx_SetConfig)
    TIM_ITRx_SetConfig                       0x080040d1   Thumb Code    16  stm32f1xx_hal_tim.o(i.TIM_ITRx_SetConfig)
    i.TIM_OC1_SetConfig                      0x080040e0   Section        0  stm32f1xx_hal_tim.o(i.TIM_OC1_SetConfig)
    TIM_OC1_SetConfig                        0x080040e1   Thumb Code   144  stm32f1xx_hal_tim.o(i.TIM_OC1_SetConfig)
    i.TIM_OC2_SetConfig                      0x080041ac   Section        0  stm32f1xx_hal_tim.o(i.TIM_OC2_SetConfig)
    i.TIM_OC3_SetConfig                      0x08004280   Section        0  stm32f1xx_hal_tim.o(i.TIM_OC3_SetConfig)
    TIM_OC3_SetConfig                        0x08004281   Thumb Code   152  stm32f1xx_hal_tim.o(i.TIM_OC3_SetConfig)
    i.TIM_OC4_SetConfig                      0x08004354   Section        0  stm32f1xx_hal_tim.o(i.TIM_OC4_SetConfig)
    TIM_OC4_SetConfig                        0x08004355   Thumb Code    94  stm32f1xx_hal_tim.o(i.TIM_OC4_SetConfig)
    i.TIM_TI1_ConfigInputStage               0x080043f0   Section        0  stm32f1xx_hal_tim.o(i.TIM_TI1_ConfigInputStage)
    TIM_TI1_ConfigInputStage                 0x080043f1   Thumb Code    34  stm32f1xx_hal_tim.o(i.TIM_TI1_ConfigInputStage)
    i.TIM_TI2_ConfigInputStage               0x08004412   Section        0  stm32f1xx_hal_tim.o(i.TIM_TI2_ConfigInputStage)
    TIM_TI2_ConfigInputStage                 0x08004413   Thumb Code    36  stm32f1xx_hal_tim.o(i.TIM_TI2_ConfigInputStage)
    i.UART_DMAAbortOnError                   0x08004436   Section        0  stm32f1xx_hal_uart.o(i.UART_DMAAbortOnError)
    UART_DMAAbortOnError                     0x08004437   Thumb Code    16  stm32f1xx_hal_uart.o(i.UART_DMAAbortOnError)
    i.UART_EndRxTransfer                     0x08004446   Section        0  stm32f1xx_hal_uart.o(i.UART_EndRxTransfer)
    UART_EndRxTransfer                       0x08004447   Thumb Code    28  stm32f1xx_hal_uart.o(i.UART_EndRxTransfer)
    i.UART_Receive_IT                        0x08004462   Section        0  stm32f1xx_hal_uart.o(i.UART_Receive_IT)
    UART_Receive_IT                          0x08004463   Thumb Code   150  stm32f1xx_hal_uart.o(i.UART_Receive_IT)
    i.UART_SetConfig                         0x080044f8   Section        0  stm32f1xx_hal_uart.o(i.UART_SetConfig)
    UART_SetConfig                           0x080044f9   Thumb Code   450  stm32f1xx_hal_uart.o(i.UART_SetConfig)
    i.UART_Transmit_IT                       0x08004700   Section        0  stm32f1xx_hal_uart.o(i.UART_Transmit_IT)
    UART_Transmit_IT                         0x08004701   Thumb Code    98  stm32f1xx_hal_uart.o(i.UART_Transmit_IT)
    i.UART_WaitOnFlagUntilTimeout            0x08004762   Section        0  stm32f1xx_hal_uart.o(i.UART_WaitOnFlagUntilTimeout)
    UART_WaitOnFlagUntilTimeout              0x08004763   Thumb Code   100  stm32f1xx_hal_uart.o(i.UART_WaitOnFlagUntilTimeout)
    i.USART1_IRQHandler                      0x080047c8   Section        0  stm32f1xx_it.o(i.USART1_IRQHandler)
    i.UsageFault_Handler                     0x08004820   Section        0  stm32f1xx_it.o(i.UsageFault_Handler)
    i._Error_Handler                         0x08004822   Section        0  main.o(i._Error_Handler)
    i.__scatterload_copy                     0x08004824   Section       14  handlers.o(i.__scatterload_copy)
    i.__scatterload_null                     0x08004832   Section        2  handlers.o(i.__scatterload_null)
    i.__scatterload_zeroinit                 0x08004834   Section       14  handlers.o(i.__scatterload_zeroinit)
    i.assert_failed                          0x08004842   Section        0  main.o(i.assert_failed)
    i.eMBEnable                              0x08004844   Section        0  mb.o(i.eMBEnable)
    i.eMBFuncReadCoils                       0x08004864   Section        0  mbfunccoils.o(i.eMBFuncReadCoils)
    i.eMBFuncReadDiscreteInputs              0x080048d6   Section        0  mbfuncdisc.o(i.eMBFuncReadDiscreteInputs)
    i.eMBFuncReadHoldingRegister             0x08004948   Section        0  mbfuncholding.o(i.eMBFuncReadHoldingRegister)
    i.eMBFuncReadInputRegister               0x080049a6   Section        0  mbfuncinput.o(i.eMBFuncReadInputRegister)
    i.eMBFuncReadWriteMultipleHoldingRegister 0x08004a08   Section        0  mbfuncholding.o(i.eMBFuncReadWriteMultipleHoldingRegister)
    i.eMBFuncReportSlaveID                   0x08004aa4   Section        0  mbfuncother.o(i.eMBFuncReportSlaveID)
    i.eMBFuncWriteCoil                       0x08004ac8   Section        0  mbfunccoils.o(i.eMBFuncWriteCoil)
    i.eMBFuncWriteHoldingRegister            0x08004b1e   Section        0  mbfuncholding.o(i.eMBFuncWriteHoldingRegister)
    i.eMBFuncWriteMultipleCoils              0x08004b50   Section        0  mbfunccoils.o(i.eMBFuncWriteMultipleCoils)
    i.eMBFuncWriteMultipleHoldingRegister    0x08004bb4   Section        0  mbfuncholding.o(i.eMBFuncWriteMultipleHoldingRegister)
    i.eMBInit                                0x08004c04   Section        0  mb.o(i.eMBInit)
    i.eMBPoll                                0x08004c84   Section        0  mb.o(i.eMBPoll)
    i.eMBRTUInit                             0x08004d38   Section        0  mbrtu.o(i.eMBRTUInit)
    i.eMBRTUReceive                          0x08004d78   Section        0  mbrtu.o(i.eMBRTUReceive)
    i.eMBRTUSend                             0x08004dcc   Section        0  mbrtu.o(i.eMBRTUSend)
    i.eMBRTUStart                            0x08004e30   Section        0  mbrtu.o(i.eMBRTUStart)
    i.eMBRTUStop                             0x08004e50   Section        0  mbrtu.o(i.eMBRTUStop)
    i.eMBRegCoilsCB                          0x08004e64   Section        0  main.o(i.eMBRegCoilsCB)
    i.eMBRegDiscreteCB                       0x08004e68   Section        0  main.o(i.eMBRegDiscreteCB)
    i.eMBRegHoldingCB                        0x08004e6c   Section        0  main.o(i.eMBRegHoldingCB)
    i.eMBRegInputCB                          0x08004e70   Section        0  main.o(i.eMBRegInputCB)
    i.main                                   0x08004ec4   Section        0  main.o(i.main)
    i.mpu6050_getaccel                       0x0800501c   Section        0  main.o(i.mpu6050_getaccel)
    i.mpu6050_getacceldata                   0x08005058   Section        0  main.o(i.mpu6050_getacceldata)
    i.mpu6050_getgyro                        0x080050a0   Section        0  main.o(i.mpu6050_getgyro)
    i.mpu6050_getgyrodata                    0x080050d4   Section        0  main.o(i.mpu6050_getgyrodata)
    i.mpu6050_init                           0x08005120   Section        0  main.o(i.mpu6050_init)
    i.mpu6050_read                           0x08005150   Section        0  main.o(i.mpu6050_read)
    i.mpu6050_write                          0x0800517c   Section        0  main.o(i.mpu6050_write)
    i.prveMBError2Exception                  0x0800519c   Section        0  mbutils.o(i.prveMBError2Exception)
    i.usMBCRC16                              0x080051b4   Section        0  mbcrc.o(i.usMBCRC16)
    i.vMBPortSerialEnable                    0x080051e0   Section        0  portserial.o(i.vMBPortSerialEnable)
    i.vMBPortTimersDisable                   0x08005210   Section        0  porttimer.o(i.vMBPortTimersDisable)
    i.vMBPortTimersEnable                    0x0800521c   Section        0  porttimer.o(i.vMBPortTimersEnable)
    i.xMBPortEventGet                        0x08005230   Section        0  portevent.o(i.xMBPortEventGet)
    i.xMBPortEventInit                       0x0800524c   Section        0  portevent.o(i.xMBPortEventInit)
    i.xMBPortEventPost                       0x0800525c   Section        0  portevent.o(i.xMBPortEventPost)
    i.xMBPortSerialGetByte                   0x0800526c   Section        0  portserial.o(i.xMBPortSerialGetByte)
    i.xMBPortSerialInit                      0x0800527c   Section        0  portserial.o(i.xMBPortSerialInit)
    i.xMBPortSerialPutByte                   0x08005280   Section        0  portserial.o(i.xMBPortSerialPutByte)
    i.xMBPortTimersInit                      0x0800529c   Section        0  porttimer.o(i.xMBPortTimersInit)
    i.xMBRTUReceiveFSM                       0x080052a8   Section        0  mbrtu.o(i.xMBRTUReceiveFSM)
    i.xMBRTUTimerT35Expired                  0x08005310   Section        0  mbrtu.o(i.xMBRTUTimerT35Expired)
    i.xMBRTUTransmitFSM                      0x08005350   Section        0  mbrtu.o(i.xMBRTUTransmitFSM)
    .constdata                               0x080053ac   Section      512  mbcrc.o(.constdata)
    aucCRCHi                                 0x080053ac   Data         256  mbcrc.o(.constdata)
    aucCRCLo                                 0x080054ac   Data         256  mbcrc.o(.constdata)
    .constdata                               0x080055ac   Section       16  system_stm32f1xx.o(.constdata)
    .constdata                               0x080055bc   Section        8  system_stm32f1xx.o(.constdata)
    .data                                    0x20000000   Section      172  mb.o(.data)
    eMBState                                 0x20000000   Data           1  mb.o(.data)
    ucRcvAddress                             0x20000001   Data           1  mb.o(.data)
    ucFunctionCode                           0x20000002   Data           1  mb.o(.data)
    eException                               0x20000003   Data           1  mb.o(.data)
    ucMBAddress                              0x20000004   Data           1  mb.o(.data)
    eMBCurrentMode                           0x20000005   Data           1  mb.o(.data)
    usLength                                 0x20000006   Data           2  mb.o(.data)
    ucMBFrame                                0x20000008   Data           4  mb.o(.data)
    peMBFrameSendCur                         0x2000000c   Data           4  mb.o(.data)
    pvMBFrameStartCur                        0x20000010   Data           4  mb.o(.data)
    pvMBFrameStopCur                         0x20000014   Data           4  mb.o(.data)
    peMBFrameReceiveCur                      0x20000018   Data           4  mb.o(.data)
    pvMBFrameCloseCur                        0x2000001c   Data           4  mb.o(.data)
    xFuncHandlers                            0x2000002c   Data         128  mb.o(.data)
    .data                                    0x200000ac   Section        2  portevent.o(.data)
    eQueuedEvent                             0x200000ac   Data           1  portevent.o(.data)
    xEventInQueue                            0x200000ad   Data           1  portevent.o(.data)
    .data                                    0x200000ae   Section        4  porttimer.o(.data)
    timeout                                  0x200000ae   Data           2  porttimer.o(.data)
    .data                                    0x200000b4   Section       12  mbrtu.o(.data)
    eSndState                                0x200000b4   Data           1  mbrtu.o(.data)
    eRcvState                                0x200000b5   Data           1  mbrtu.o(.data)
    usSndBufferCount                         0x200000b6   Data           2  mbrtu.o(.data)
    usRcvBufferPos                           0x200000b8   Data           2  mbrtu.o(.data)
    pucSndBufferCur                          0x200000bc   Data           4  mbrtu.o(.data)
    .data                                    0x200000c0   Section        2  mbfuncother.o(.data)
    usMBSlaveIDLen                           0x200000c0   Data           2  mbfuncother.o(.data)
    .data                                    0x200000c2   Section       26  main.o(.data)
    usRegInputStart                          0x200000c2   Data           2  main.o(.data)
    .data                                    0x200000dc   Section       12  stm32f1xx_hal.o(.data)
    .data                                    0x200000e8   Section        4  system_stm32f1xx.o(.data)
    .bss                                     0x200000ec   Section      256  mbrtu.o(.bss)
    .bss                                     0x200001ec   Section       32  mbfuncother.o(.bss)
    ucMBSlaveID                              0x200001ec   Data          32  mbfuncother.o(.bss)
    .bss                                     0x2000020c   Section      524  main.o(.bss)
    usRegInputBuf                            0x200003cc   Data          64  main.o(.bss)
    .bss                                     0x20000418   Section       68  main.o(.bss)
    STACK                                    0x20000460   Section     1024  startup_stm32f103xb.o(STACK)

    Global Symbols

    Symbol Name                              Value     Ov Type        Size  Object(Section)

    BuildAttributes$$THM_ISAv4$P$D$K$B$S$PE$A:L22UL41UL21$X:L11$S22US41US21$IEEE1$IW$USESV6$~STKCKD$USESV7$~SHL$OTIME$ROPI$EBA8$MICROLIB$REQ8$PRES8$EABIv2 0x00000000   Number         0  anon$$obj.o ABSOLUTE
    __ARM_use_no_argv                        0x00000000   Number         0  main.o ABSOLUTE
    __cpp_initialize__aeabi_                  - Undefined Weak Reference
    __cxa_finalize                            - Undefined Weak Reference
    __decompress                              - Undefined Weak Reference
    _clock_init                               - Undefined Weak Reference
    _microlib_exit                            - Undefined Weak Reference
    __Vectors_Size                           0x000000ec   Number         0  startup_stm32f103xb.o ABSOLUTE
    __Vectors                                0x08000000   Data           4  startup_stm32f103xb.o(RESET)
    __Vectors_End                            0x080000ec   Data           0  startup_stm32f103xb.o(RESET)
    __main                                   0x080000ed   Thumb Code     0  entry.o(.ARM.Collect$$$$00000000)
    _main_stk                                0x080000ed   Thumb Code     0  entry2.o(.ARM.Collect$$$$00000001)
    _main_scatterload                        0x080000f1   Thumb Code     0  entry5.o(.ARM.Collect$$$$00000004)
    __main_after_scatterload                 0x080000f5   Thumb Code     0  entry5.o(.ARM.Collect$$$$00000004)
    _main_clock                              0x080000f5   Thumb Code     0  entry7b.o(.ARM.Collect$$$$00000008)
    _main_cpp_init                           0x080000f5   Thumb Code     0  entry8b.o(.ARM.Collect$$$$0000000A)
    _main_init                               0x080000f5   Thumb Code     0  entry9a.o(.ARM.Collect$$$$0000000B)
    __rt_final_cpp                           0x080000fd   Thumb Code     0  entry10a.o(.ARM.Collect$$$$0000000D)
    __rt_final_exit                          0x080000fd   Thumb Code     0  entry11a.o(.ARM.Collect$$$$0000000F)
    Reset_Handler                            0x08000101   Thumb Code     8  startup_stm32f103xb.o(.text)
    CAN1_RX1_IRQHandler                      0x0800011b   Thumb Code     0  startup_stm32f103xb.o(.text)
    CAN1_SCE_IRQHandler                      0x0800011b   Thumb Code     0  startup_stm32f103xb.o(.text)
    DMA1_Channel2_IRQHandler                 0x0800011b   Thumb Code     0  startup_stm32f103xb.o(.text)
    DMA1_Channel3_IRQHandler                 0x0800011b   Thumb Code     0  startup_stm32f103xb.o(.text)
    DMA1_Channel4_IRQHandler                 0x0800011b   Thumb Code     0  startup_stm32f103xb.o(.text)
    DMA1_Channel5_IRQHandler                 0x0800011b   Thumb Code     0  startup_stm32f103xb.o(.text)
    DMA1_Channel6_IRQHandler                 0x0800011b   Thumb Code     0  startup_stm32f103xb.o(.text)
    DMA1_Channel7_IRQHandler                 0x0800011b   Thumb Code     0  startup_stm32f103xb.o(.text)
    EXTI0_IRQHandler                         0x0800011b   Thumb Code     0  startup_stm32f103xb.o(.text)
    EXTI15_10_IRQHandler                     0x0800011b   Thumb Code     0  startup_stm32f103xb.o(.text)
    EXTI1_IRQHandler                         0x0800011b   Thumb Code     0  startup_stm32f103xb.o(.text)
    EXTI2_IRQHandler                         0x0800011b   Thumb Code     0  startup_stm32f103xb.o(.text)
    EXTI3_IRQHandler                         0x0800011b   Thumb Code     0  startup_stm32f103xb.o(.text)
    EXTI4_IRQHandler                         0x0800011b   Thumb Code     0  startup_stm32f103xb.o(.text)
    EXTI9_5_IRQHandler                       0x0800011b   Thumb Code     0  startup_stm32f103xb.o(.text)
    FLASH_IRQHandler                         0x0800011b   Thumb Code     0  startup_stm32f103xb.o(.text)
    I2C1_ER_IRQHandler                       0x0800011b   Thumb Code     0  startup_stm32f103xb.o(.text)
    I2C1_EV_IRQHandler                       0x0800011b   Thumb Code     0  startup_stm32f103xb.o(.text)
    I2C2_ER_IRQHandler                       0x0800011b   Thumb Code     0  startup_stm32f103xb.o(.text)
    I2C2_EV_IRQHandler                       0x0800011b   Thumb Code     0  startup_stm32f103xb.o(.text)
    PVD_IRQHandler                           0x0800011b   Thumb Code     0  startup_stm32f103xb.o(.text)
    RCC_IRQHandler                           0x0800011b   Thumb Code     0  startup_stm32f103xb.o(.text)
    RTC_Alarm_IRQHandler                     0x0800011b   Thumb Code     0  startup_stm32f103xb.o(.text)
    RTC_IRQHandler                           0x0800011b   Thumb Code     0  startup_stm32f103xb.o(.text)
    SPI2_IRQHandler                          0x0800011b   Thumb Code     0  startup_stm32f103xb.o(.text)
    TAMPER_IRQHandler                        0x0800011b   Thumb Code     0  startup_stm32f103xb.o(.text)
    TIM1_BRK_IRQHandler                      0x0800011b   Thumb Code     0  startup_stm32f103xb.o(.text)
    TIM1_CC_IRQHandler                       0x0800011b   Thumb Code     0  startup_stm32f103xb.o(.text)
    TIM1_TRG_COM_IRQHandler                  0x0800011b   Thumb Code     0  startup_stm32f103xb.o(.text)
    TIM1_UP_IRQHandler                       0x0800011b   Thumb Code     0  startup_stm32f103xb.o(.text)
    TIM2_IRQHandler                          0x0800011b   Thumb Code     0  startup_stm32f103xb.o(.text)
    TIM3_IRQHandler                          0x0800011b   Thumb Code     0  startup_stm32f103xb.o(.text)
    USART2_IRQHandler                        0x0800011b   Thumb Code     0  startup_stm32f103xb.o(.text)
    USART3_IRQHandler                        0x0800011b   Thumb Code     0  startup_stm32f103xb.o(.text)
    USBWakeUp_IRQHandler                     0x0800011b   Thumb Code     0  startup_stm32f103xb.o(.text)
    USB_HP_CAN1_TX_IRQHandler                0x0800011b   Thumb Code     0  startup_stm32f103xb.o(.text)
    USB_LP_CAN1_RX0_IRQHandler               0x0800011b   Thumb Code     0  startup_stm32f103xb.o(.text)
    WWDG_IRQHandler                          0x0800011b   Thumb Code     0  startup_stm32f103xb.o(.text)
    __aeabi_memcpy                           0x08000125   Thumb Code    36  memcpya.o(.text)
    __aeabi_memcpy4                          0x08000125   Thumb Code     0  memcpya.o(.text)
    __aeabi_memcpy8                          0x08000125   Thumb Code     0  memcpya.o(.text)
    __aeabi_fdiv                             0x08000149   Thumb Code   124  fdiv.o(.text)
    __ARM_scalbnf                            0x080001c5   Thumb Code    24  fscalb.o(.text)
    scalbnf                                  0x080001c5   Thumb Code     0  fscalb.o(.text)
    __aeabi_i2f                              0x080001dd   Thumb Code    18  fflti.o(.text)
    __I$use$fp                               0x080001ef   Thumb Code     0  iusefp.o(.text)
    _float_round                             0x080001ef   Thumb Code    18  fepilogue.o(.text)
    _float_epilogue                          0x08000201   Thumb Code    92  fepilogue.o(.text)
    __scatterload                            0x0800025d   Thumb Code    28  init.o(.text)
    __scatterload_rt2                        0x0800025d   Thumb Code     0  init.o(.text)
    ADC1_2_IRQHandler                        0x08000281   Thumb Code     6  stm32f1xx_it.o(i.ADC1_2_IRQHandler)
    ADC_ConversionStop_Disable               0x0800028d   Thumb Code    76  stm32f1xx_hal_adc.o(i.ADC_ConversionStop_Disable)
    ADC_DMAConvCplt                          0x080002d9   Thumb Code    78  stm32f1xx_hal_adc.o(i.ADC_DMAConvCplt)
    ADC_DMAError                             0x08000327   Thumb Code    26  stm32f1xx_hal_adc.o(i.ADC_DMAError)
    ADC_DMAHalfConvCplt                      0x08000341   Thumb Code    10  stm32f1xx_hal_adc.o(i.ADC_DMAHalfConvCplt)
    ADC_Enable                               0x0800034d   Thumb Code   104  stm32f1xx_hal_adc.o(i.ADC_Enable)
    ADC_to_Modbus                            0x080003bd   Thumb Code    10  main.o(i.ADC_to_Modbus)
    BusFault_Handler                         0x080003c7   Thumb Code     2  stm32f1xx_it.o(i.BusFault_Handler)
    DMA1_Channel1_IRQHandler                 0x080003c9   Thumb Code     6  stm32f1xx_it.o(i.DMA1_Channel1_IRQHandler)
    DebugMon_Handler                         0x080003ff   Thumb Code     2  stm32f1xx_it.o(i.DebugMon_Handler)
    GetTick_to_Modbus                        0x08000401   Thumb Code    52  main.o(i.GetTick_to_Modbus)
    HAL_ADCEx_InjectedConvCpltCallback       0x08000435   Thumb Code     2  stm32f1xx_hal_adc_ex.o(i.HAL_ADCEx_InjectedConvCpltCallback)
    HAL_ADC_ConfigChannel                    0x08000439   Thumb Code   472  stm32f1xx_hal_adc.o(i.HAL_ADC_ConfigChannel)
    HAL_ADC_ConvCpltCallback                 0x08000659   Thumb Code     2  stm32f1xx_hal_adc.o(i.HAL_ADC_ConvCpltCallback)
    HAL_ADC_ConvHalfCpltCallback             0x0800065b   Thumb Code     2  stm32f1xx_hal_adc.o(i.HAL_ADC_ConvHalfCpltCallback)
    HAL_ADC_ErrorCallback                    0x0800065d   Thumb Code     2  stm32f1xx_hal_adc.o(i.HAL_ADC_ErrorCallback)
    HAL_ADC_IRQHandler                       0x08000661   Thumb Code   290  stm32f1xx_hal_adc.o(i.HAL_ADC_IRQHandler)
    HAL_ADC_Init                             0x080007c5   Thumb Code   468  stm32f1xx_hal_adc.o(i.HAL_ADC_Init)
    HAL_ADC_LevelOutOfWindowCallback         0x080009e5   Thumb Code     2  stm32f1xx_hal_adc.o(i.HAL_ADC_LevelOutOfWindowCallback)
    HAL_ADC_MspInit                          0x080009e9   Thumb Code   118  stm32f1xx_hal_msp.o(i.HAL_ADC_MspInit)
    HAL_ADC_Start_DMA                        0x08000a91   Thumb Code   264  stm32f1xx_hal_adc.o(i.HAL_ADC_Start_DMA)
    HAL_DMA_Abort_IT                         0x08000be5   Thumb Code   148  stm32f1xx_hal_dma.o(i.HAL_DMA_Abort_IT)
    HAL_DMA_IRQHandler                       0x08000c7d   Thumb Code   316  stm32f1xx_hal_dma.o(i.HAL_DMA_IRQHandler)
    HAL_DMA_Init                             0x08000dd1   Thumb Code   312  stm32f1xx_hal_dma.o(i.HAL_DMA_Init)
    HAL_DMA_Start_IT                         0x08000f45   Thumb Code   148  stm32f1xx_hal_dma.o(i.HAL_DMA_Start_IT)
    HAL_GPIO_Init                            0x08001011   Thumb Code   688  stm32f1xx_hal_gpio.o(i.HAL_GPIO_Init)
    HAL_GPIO_TogglePin                       0x08001339   Thumb Code    26  stm32f1xx_hal_gpio.o(i.HAL_GPIO_TogglePin)
    HAL_GPIO_WritePin                        0x08001391   Thumb Code    46  stm32f1xx_hal_gpio.o(i.HAL_GPIO_WritePin)
    HAL_GetTick                              0x080013fd   Thumb Code     6  stm32f1xx_hal.o(i.HAL_GetTick)
    HAL_I2C_Init                             0x08001409   Thumb Code   482  stm32f1xx_hal_i2c.o(i.HAL_I2C_Init)
    HAL_I2C_Master_Transmit                  0x08001641   Thumb Code   304  stm32f1xx_hal_i2c.o(i.HAL_I2C_Master_Transmit)
    HAL_I2C_Mem_Read                         0x08001779   Thumb Code   546  stm32f1xx_hal_i2c.o(i.HAL_I2C_Mem_Read)
    HAL_I2C_MspInit                          0x080019e1   Thumb Code    54  stm32f1xx_hal_msp.o(i.HAL_I2C_MspInit)
    HAL_IWDG_Init                            0x08001a25   Thumb Code   150  stm32f1xx_hal_iwdg.o(i.HAL_IWDG_Init)
    HAL_IncTick                              0x08001afd   Thumb Code    12  stm32f1xx_hal.o(i.HAL_IncTick)
    HAL_Init                                 0x08001b0d   Thumb Code    32  stm32f1xx_hal.o(i.HAL_Init)
    HAL_InitTick                             0x08001b31   Thumb Code    54  stm32f1xx_hal.o(i.HAL_InitTick)
    HAL_MspInit                              0x08001b71   Thumb Code   134  stm32f1xx_hal_msp.o(i.HAL_MspInit)
    HAL_NVIC_EnableIRQ                       0x08001c01   Thumb Code    36  stm32f1xx_hal_cortex.o(i.HAL_NVIC_EnableIRQ)
    HAL_NVIC_SetPriority                     0x08001c61   Thumb Code    94  stm32f1xx_hal_cortex.o(i.HAL_NVIC_SetPriority)
    HAL_NVIC_SetPriorityGrouping             0x08001d01   Thumb Code    58  stm32f1xx_hal_cortex.o(i.HAL_NVIC_SetPriorityGrouping)
    HAL_RCCEx_PeriphCLKConfig                0x08001d81   Thumb Code   330  stm32f1xx_hal_rcc_ex.o(i.HAL_RCCEx_PeriphCLKConfig)
    HAL_RCC_CSSCallback                      0x08001f15   Thumb Code     2  stm32f1xx_hal_rcc.o(i.HAL_RCC_CSSCallback)
    HAL_RCC_ClockConfig                      0x08001f19   Thumb Code   532  stm32f1xx_hal_rcc.o(i.HAL_RCC_ClockConfig)
    HAL_RCC_EnableCSS                        0x08002175   Thumb Code     8  stm32f1xx_hal_rcc.o(i.HAL_RCC_EnableCSS)
    HAL_RCC_GetHCLKFreq                      0x08002181   Thumb Code     6  stm32f1xx_hal_rcc.o(i.HAL_RCC_GetHCLKFreq)
    HAL_RCC_GetPCLK1Freq                     0x0800218d   Thumb Code    20  stm32f1xx_hal_rcc.o(i.HAL_RCC_GetPCLK1Freq)
    HAL_RCC_GetPCLK2Freq                     0x080021ad   Thumb Code    20  stm32f1xx_hal_rcc.o(i.HAL_RCC_GetPCLK2Freq)
    HAL_RCC_GetSysClockFreq                  0x080021cd   Thumb Code    74  stm32f1xx_hal_rcc.o(i.HAL_RCC_GetSysClockFreq)
    HAL_RCC_NMI_IRQHandler                   0x08002239   Thumb Code    20  stm32f1xx_hal_rcc.o(i.HAL_RCC_NMI_IRQHandler)
    HAL_RCC_OscConfig                        0x08002251   Thumb Code  1146  stm32f1xx_hal_rcc.o(i.HAL_RCC_OscConfig)
    HAL_SPI_ErrorCallback                    0x080026cb   Thumb Code     2  stm32f1xx_hal_spi.o(i.HAL_SPI_ErrorCallback)
    HAL_SPI_IRQHandler                       0x080026cd   Thumb Code   190  stm32f1xx_hal_spi.o(i.HAL_SPI_IRQHandler)
    HAL_SPI_Init                             0x08002791   Thumb Code   324  stm32f1xx_hal_spi_ex.o(i.HAL_SPI_Init)
    HAL_SPI_MspInit                          0x08002919   Thumb Code   104  stm32f1xx_hal_msp.o(i.HAL_SPI_MspInit)
    HAL_SYSTICK_CLKSourceConfig              0x08002991   Thumb Code    40  stm32f1xx_hal_cortex.o(i.HAL_SYSTICK_CLKSourceConfig)
    HAL_SYSTICK_Callback                     0x080029f5   Thumb Code     2  stm32f1xx_hal_cortex.o(i.HAL_SYSTICK_Callback)
    HAL_SYSTICK_Config                       0x080029f7   Thumb Code    40  stm32f1xx_hal_cortex.o(i.HAL_SYSTICK_Config)
    HAL_SYSTICK_IRQHandler                   0x08002a1f   Thumb Code     8  stm32f1xx_hal_cortex.o(i.HAL_SYSTICK_IRQHandler)
    HAL_TIMEx_BreakCallback                  0x08002a27   Thumb Code     2  stm32f1xx_hal_tim_ex.o(i.HAL_TIMEx_BreakCallback)
    HAL_TIMEx_CommutationCallback            0x08002a29   Thumb Code     2  stm32f1xx_hal_tim_ex.o(i.HAL_TIMEx_CommutationCallback)
    HAL_TIMEx_MasterConfigSynchronization    0x08002a2d   Thumb Code   178  stm32f1xx_hal_tim_ex.o(i.HAL_TIMEx_MasterConfigSynchronization)
    HAL_TIM_Base_Init                        0x08002b29   Thumb Code   156  stm32f1xx_hal_tim.o(i.HAL_TIM_Base_Init)
    HAL_TIM_Base_MspInit                     0x08002c09   Thumb Code    50  stm32f1xx_hal_msp.o(i.HAL_TIM_Base_MspInit)
    HAL_TIM_Base_Start_IT                    0x08002c45   Thumb Code    64  stm32f1xx_hal_tim.o(i.HAL_TIM_Base_Start_IT)
    HAL_TIM_Base_Stop_IT                     0x08002cc9   Thumb Code    82  stm32f1xx_hal_tim.o(i.HAL_TIM_Base_Stop_IT)
    HAL_TIM_ConfigClockSource                0x08002d61   Thumb Code   872  stm32f1xx_hal_tim.o(i.HAL_TIM_ConfigClockSource)
    HAL_TIM_IC_CaptureCallback               0x0800310d   Thumb Code     2  stm32f1xx_hal_tim.o(i.HAL_TIM_IC_CaptureCallback)
    HAL_TIM_IRQHandler                       0x0800310f   Thumb Code   358  stm32f1xx_hal_tim.o(i.HAL_TIM_IRQHandler)
    HAL_TIM_MspPostInit                      0x08003275   Thumb Code    30  stm32f1xx_hal_msp.o(i.HAL_TIM_MspPostInit)
    HAL_TIM_OC_DelayElapsedCallback          0x08003299   Thumb Code     2  stm32f1xx_hal_tim.o(i.HAL_TIM_OC_DelayElapsedCallback)
    HAL_TIM_PWM_ConfigChannel                0x0800329d   Thumb Code   428  stm32f1xx_hal_tim.o(i.HAL_TIM_PWM_ConfigChannel)
    HAL_TIM_PWM_Init                         0x0800348d   Thumb Code   164  stm32f1xx_hal_tim.o(i.HAL_TIM_PWM_Init)
    HAL_TIM_PWM_MspInit                      0x08003575   Thumb Code    30  stm32f1xx_hal_msp.o(i.HAL_TIM_PWM_MspInit)
    HAL_TIM_PWM_PulseFinishedCallback        0x08003599   Thumb Code     2  stm32f1xx_hal_tim.o(i.HAL_TIM_PWM_PulseFinishedCallback)
    HAL_TIM_PeriodElapsedCallback            0x0800359b   Thumb Code     2  stm32f1xx_hal_tim.o(i.HAL_TIM_PeriodElapsedCallback)
    HAL_TIM_TriggerCallback                  0x0800359d   Thumb Code     2  stm32f1xx_hal_tim.o(i.HAL_TIM_TriggerCallback)
    HAL_UART_ErrorCallback                   0x0800359f   Thumb Code     2  stm32f1xx_hal_uart.o(i.HAL_UART_ErrorCallback)
    HAL_UART_IRQHandler                      0x080035a1   Thumb Code   266  stm32f1xx_hal_uart.o(i.HAL_UART_IRQHandler)
    HAL_UART_Init                            0x080036b1   Thumb Code   204  stm32f1xx_hal_uart.o(i.HAL_UART_Init)
    HAL_UART_MspInit                         0x080037c5   Thumb Code    92  stm32f1xx_hal_msp.o(i.HAL_UART_MspInit)
    HAL_UART_RxCpltCallback                  0x0800382d   Thumb Code     2  stm32f1xx_hal_uart.o(i.HAL_UART_RxCpltCallback)
    HAL_UART_Transmit                        0x0800382f   Thumb Code   186  stm32f1xx_hal_uart.o(i.HAL_UART_Transmit)
    HAL_UART_TxCpltCallback                  0x080038e9   Thumb Code     2  stm32f1xx_hal_uart.o(i.HAL_UART_TxCpltCallback)
    HardFault_Handler                        0x080038eb   Thumb Code     2  stm32f1xx_it.o(i.HardFault_Handler)
    MemManage_Handler                        0x08003eed   Thumb Code     2  stm32f1xx_it.o(i.MemManage_Handler)
    NMI_Handler                              0x08003eef   Thumb Code     4  stm32f1xx_it.o(i.NMI_Handler)
    PendSV_Handler                           0x08003f13   Thumb Code     2  stm32f1xx_it.o(i.PendSV_Handler)
    SPI1_IRQHandler                          0x08003f15   Thumb Code     6  stm32f1xx_it.o(i.SPI1_IRQHandler)
    SVC_Handler                              0x08003f31   Thumb Code     2  stm32f1xx_it.o(i.SVC_Handler)
    SysTick_Handler                          0x08003f33   Thumb Code    14  stm32f1xx_it.o(i.SysTick_Handler)
    SystemClock_Config                       0x08003f41   Thumb Code   132  main.o(i.SystemClock_Config)
    SystemInit                               0x08003fc5   Thumb Code    56  system_stm32f1xx.o(i.SystemInit)
    TIM4_IRQHandler                          0x0800400d   Thumb Code    56  stm32f1xx_it.o(i.TIM4_IRQHandler)
    TIM_Base_SetConfig                       0x08004051   Thumb Code    94  stm32f1xx_hal_tim.o(i.TIM_Base_SetConfig)
    TIM_OC2_SetConfig                        0x080041ad   Thumb Code   152  stm32f1xx_hal_tim.o(i.TIM_OC2_SetConfig)
    USART1_IRQHandler                        0x080047c9   Thumb Code    74  stm32f1xx_it.o(i.USART1_IRQHandler)
    UsageFault_Handler                       0x08004821   Thumb Code     2  stm32f1xx_it.o(i.UsageFault_Handler)
    _Error_Handler                           0x08004823   Thumb Code     2  main.o(i._Error_Handler)
    __scatterload_copy                       0x08004825   Thumb Code    14  handlers.o(i.__scatterload_copy)
    __scatterload_null                       0x08004833   Thumb Code     2  handlers.o(i.__scatterload_null)
    __scatterload_zeroinit                   0x08004835   Thumb Code    14  handlers.o(i.__scatterload_zeroinit)
    assert_failed                            0x08004843   Thumb Code     2  main.o(i.assert_failed)
    eMBEnable                                0x08004845   Thumb Code    28  mb.o(i.eMBEnable)
    eMBFuncReadCoils                         0x08004865   Thumb Code   114  mbfunccoils.o(i.eMBFuncReadCoils)
    eMBFuncReadDiscreteInputs                0x080048d7   Thumb Code   114  mbfuncdisc.o(i.eMBFuncReadDiscreteInputs)
    eMBFuncReadHoldingRegister               0x08004949   Thumb Code    94  mbfuncholding.o(i.eMBFuncReadHoldingRegister)
    eMBFuncReadInputRegister                 0x080049a7   Thumb Code    98  mbfuncinput.o(i.eMBFuncReadInputRegister)
    eMBFuncReadWriteMultipleHoldingRegister  0x08004a09   Thumb Code   156  mbfuncholding.o(i.eMBFuncReadWriteMultipleHoldingRegister)
    eMBFuncReportSlaveID                     0x08004aa5   Thumb Code    26  mbfuncother.o(i.eMBFuncReportSlaveID)
    eMBFuncWriteCoil                         0x08004ac9   Thumb Code    86  mbfunccoils.o(i.eMBFuncWriteCoil)
    eMBFuncWriteHoldingRegister              0x08004b1f   Thumb Code    50  mbfuncholding.o(i.eMBFuncWriteHoldingRegister)
    eMBFuncWriteMultipleCoils                0x08004b51   Thumb Code   100  mbfunccoils.o(i.eMBFuncWriteMultipleCoils)
    eMBFuncWriteMultipleHoldingRegister      0x08004bb5   Thumb Code    78  mbfuncholding.o(i.eMBFuncWriteMultipleHoldingRegister)
    eMBInit                                  0x08004c05   Thumb Code    96  mb.o(i.eMBInit)
    eMBPoll                                  0x08004c85   Thumb Code   176  mb.o(i.eMBPoll)
    eMBRTUInit                               0x08004d39   Thumb Code    58  mbrtu.o(i.eMBRTUInit)
    eMBRTUReceive                            0x08004d79   Thumb Code    74  mbrtu.o(i.eMBRTUReceive)
    eMBRTUSend                               0x08004dcd   Thumb Code    90  mbrtu.o(i.eMBRTUSend)
    eMBRTUStart                              0x08004e31   Thumb Code    26  mbrtu.o(i.eMBRTUStart)
    eMBRTUStop                               0x08004e51   Thumb Code    20  mbrtu.o(i.eMBRTUStop)
    eMBRegCoilsCB                            0x08004e65   Thumb Code     4  main.o(i.eMBRegCoilsCB)
    eMBRegDiscreteCB                         0x08004e69   Thumb Code     4  main.o(i.eMBRegDiscreteCB)
    eMBRegHoldingCB                          0x08004e6d   Thumb Code     4  main.o(i.eMBRegHoldingCB)
    eMBRegInputCB                            0x08004e71   Thumb Code    72  main.o(i.eMBRegInputCB)
    main                                     0x08004ec5   Thumb Code   326  main.o(i.main)
    mpu6050_getaccel                         0x0800501d   Thumb Code    54  main.o(i.mpu6050_getaccel)
    mpu6050_getacceldata                     0x08005059   Thumb Code    64  main.o(i.mpu6050_getacceldata)
    mpu6050_getgyro                          0x080050a1   Thumb Code    48  main.o(i.mpu6050_getgyro)
    mpu6050_getgyrodata                      0x080050d5   Thumb Code    62  main.o(i.mpu6050_getgyrodata)
    mpu6050_init                             0x08005121   Thumb Code    46  main.o(i.mpu6050_init)
    mpu6050_read                             0x08005151   Thumb Code    34  main.o(i.mpu6050_read)
    mpu6050_write                            0x0800517d   Thumb Code    24  main.o(i.mpu6050_write)
    prveMBError2Exception                    0x0800519d   Thumb Code    24  mbutils.o(i.prveMBError2Exception)
    usMBCRC16                                0x080051b5   Thumb Code    40  mbcrc.o(i.usMBCRC16)
    vMBPortSerialEnable                      0x080051e1   Thumb Code    44  portserial.o(i.vMBPortSerialEnable)
    vMBPortTimersDisable                     0x08005211   Thumb Code     6  porttimer.o(i.vMBPortTimersDisable)
    vMBPortTimersEnable                      0x0800521d   Thumb Code    12  porttimer.o(i.vMBPortTimersEnable)
    xMBPortEventGet                          0x08005231   Thumb Code    24  portevent.o(i.xMBPortEventGet)
    xMBPortEventInit                         0x0800524d   Thumb Code    10  portevent.o(i.xMBPortEventInit)
    xMBPortEventPost                         0x0800525d   Thumb Code    12  portevent.o(i.xMBPortEventPost)
    xMBPortSerialGetByte                     0x0800526d   Thumb Code    12  portserial.o(i.xMBPortSerialGetByte)
    xMBPortSerialInit                        0x0800527d   Thumb Code     4  portserial.o(i.xMBPortSerialInit)
    xMBPortSerialPutByte                     0x08005281   Thumb Code    24  portserial.o(i.xMBPortSerialPutByte)
    xMBPortTimersInit                        0x0800529d   Thumb Code     8  porttimer.o(i.xMBPortTimersInit)
    xMBRTUReceiveFSM                         0x080052a9   Thumb Code    96  mbrtu.o(i.xMBRTUReceiveFSM)
    xMBRTUTimerT35Expired                    0x08005311   Thumb Code    58  mbrtu.o(i.xMBRTUTimerT35Expired)
    xMBRTUTransmitFSM                        0x08005351   Thumb Code    86  mbrtu.o(i.xMBRTUTransmitFSM)
    AHBPrescTable                            0x080055ac   Data          16  system_stm32f1xx.o(.constdata)
    APBPrescTable                            0x080055bc   Data           8  system_stm32f1xx.o(.constdata)
    Region$$Table$$Base                      0x080055c4   Number         0  anon$$obj.o(Region$$Table)
    Region$$Table$$Limit                     0x080055e4   Number         0  anon$$obj.o(Region$$Table)
    pxMBFrameCBByteReceived                  0x20000020   Data           4  mb.o(.data)
    pxMBFrameCBTransmitterEmpty              0x20000024   Data           4  mb.o(.data)
    pxMBPortCBTimerExpired                   0x20000028   Data           4  mb.o(.data)
    downcounter                              0x200000b0   Data           2  porttimer.o(.data)
    mpu6050_g                                0x200000c4   Data           6  main.o(.data)
    mpu6050_a                                0x200000ca   Data           6  main.o(.data)
    mpu6050_tbuff                            0x200000d0   Data           6  main.o(.data)
    mpu6050_rbuff                            0x200000d6   Data           6  main.o(.data)
    uwTickFreq                               0x200000dc   Data           1  stm32f1xx_hal.o(.data)
    uwTickPrio                               0x200000e0   Data           4  stm32f1xx_hal.o(.data)
    uwTick                                   0x200000e4   Data           4  stm32f1xx_hal.o(.data)
    SystemCoreClock                          0x200000e8   Data           4  system_stm32f1xx.o(.data)
    ucRTUBuf                                 0x200000ec   Data         256  mbrtu.o(.bss)
    hadc1                                    0x2000020c   Data          48  main.o(.bss)
    hi2c1                                    0x2000023c   Data          84  main.o(.bss)
    hiwdg                                    0x20000290   Data          12  main.o(.bss)
    hspi1                                    0x2000029c   Data          88  main.o(.bss)
    htim2                                    0x200002f4   Data          64  main.o(.bss)
    htim4                                    0x20000334   Data          64  main.o(.bss)
    huart1                                   0x20000374   Data          64  main.o(.bss)
    mpu6050_gf                               0x200003b4   Data          12  main.o(.bss)
    mpu6050_af                               0x200003c0   Data          12  main.o(.bss)
    ADC_value                                0x2000040c   Data          12  main.o(.bss)
    hdma_adc1                                0x20000418   Data          68  main.o(.bss)
    __initial_sp                             0x20000860   Data           0  startup_stm32f103xb.o(STACK)



==============================================================================

Memory Map of the image

  Image Entry point : 0x080000ed

  Load Region LR_IROM1 (Base: 0x08000000, Size: 0x000056d0, Max: 0x00010000, ABSOLUTE)

    Execution Region ER_IROM1 (Exec base: 0x08000000, Load base: 0x08000000, Size: 0x000055e4, Max: 0x00010000, ABSOLUTE)

    Exec Addr    Load Addr    Size         Type   Attr      Idx    E Section Name        Object

    0x08000000   0x08000000   0x000000ec   Data   RO            3    RESET               startup_stm32f103xb.o
    0x080000ec   0x080000ec   0x00000000   Code   RO         4220  * .ARM.Collect$$$$00000000  mc_w.l(entry.o)
    0x080000ec   0x080000ec   0x00000004   Code   RO         4267    .ARM.Collect$$$$00000001  mc_w.l(entry2.o)
    0x080000f0   0x080000f0   0x00000004   Code   RO         4270    .ARM.Collect$$$$00000004  mc_w.l(entry5.o)
    0x080000f4   0x080000f4   0x00000000   Code   RO         4272    .ARM.Collect$$$$00000008  mc_w.l(entry7b.o)
    0x080000f4   0x080000f4   0x00000000   Code   RO         4274    .ARM.Collect$$$$0000000A  mc_w.l(entry8b.o)
    0x080000f4   0x080000f4   0x00000008   Code   RO         4275    .ARM.Collect$$$$0000000B  mc_w.l(entry9a.o)
    0x080000fc   0x080000fc   0x00000000   Code   RO         4277    .ARM.Collect$$$$0000000D  mc_w.l(entry10a.o)
    0x080000fc   0x080000fc   0x00000000   Code   RO         4279    .ARM.Collect$$$$0000000F  mc_w.l(entry11a.o)
    0x080000fc   0x080000fc   0x00000004   Code   RO         4268    .ARM.Collect$$$$00002712  mc_w.l(entry2.o)
    0x08000100   0x08000100   0x00000024   Code   RO            4    .text               startup_stm32f103xb.o
    0x08000124   0x08000124   0x00000024   Code   RO         4227    .text               mc_w.l(memcpya.o)
    0x08000148   0x08000148   0x0000007c   Code   RO         4261    .text               mf_w.l(fdiv.o)
    0x080001c4   0x080001c4   0x00000018   Code   RO         4263    .text               mf_w.l(fscalb.o)
    0x080001dc   0x080001dc   0x00000012   Code   RO         4265    .text               mf_w.l(fflti.o)
    0x080001ee   0x080001ee   0x00000000   Code   RO         4283    .text               mc_w.l(iusefp.o)
    0x080001ee   0x080001ee   0x0000006e   Code   RO         4284    .text               mf_w.l(fepilogue.o)
    0x0800025c   0x0800025c   0x00000024   Code   RO         4286    .text               mc_w.l(init.o)
    0x08000280   0x08000280   0x0000000c   Code   RO          801    i.ADC1_2_IRQHandler  stm32f1xx_it.o
    0x0800028c   0x0800028c   0x0000004c   Code   RO         1046    i.ADC_ConversionStop_Disable  stm32f1xx_hal_adc.o
    0x080002d8   0x080002d8   0x0000004e   Code   RO         1047    i.ADC_DMAConvCplt   stm32f1xx_hal_adc.o
    0x08000326   0x08000326   0x0000001a   Code   RO         1048    i.ADC_DMAError      stm32f1xx_hal_adc.o
    0x08000340   0x08000340   0x0000000a   Code   RO         1049    i.ADC_DMAHalfConvCplt  stm32f1xx_hal_adc.o
    0x0800034a   0x0800034a   0x00000002   PAD
    0x0800034c   0x0800034c   0x00000070   Code   RO         1050    i.ADC_Enable        stm32f1xx_hal_adc.o
    0x080003bc   0x080003bc   0x0000000a   Code   RO          634    i.ADC_to_Modbus     main.o
    0x080003c6   0x080003c6   0x00000002   Code   RO          802    i.BusFault_Handler  stm32f1xx_it.o
    0x080003c8   0x080003c8   0x0000000c   Code   RO          803    i.DMA1_Channel1_IRQHandler  stm32f1xx_it.o
    0x080003d4   0x080003d4   0x0000002a   Code   RO         3650    i.DMA_SetConfig     stm32f1xx_hal_dma.o
    0x080003fe   0x080003fe   0x00000002   Code   RO          804    i.DebugMon_Handler  stm32f1xx_it.o
    0x08000400   0x08000400   0x00000034   Code   RO          635    i.GetTick_to_Modbus  main.o
    0x08000434   0x08000434   0x00000002   Code   RO         1228    i.HAL_ADCEx_InjectedConvCpltCallback  stm32f1xx_hal_adc_ex.o
    0x08000436   0x08000436   0x00000002   PAD
    0x08000438   0x08000438   0x00000220   Code   RO         1052    i.HAL_ADC_ConfigChannel  stm32f1xx_hal_adc.o
    0x08000658   0x08000658   0x00000002   Code   RO         1053    i.HAL_ADC_ConvCpltCallback  stm32f1xx_hal_adc.o
    0x0800065a   0x0800065a   0x00000002   Code   RO         1054    i.HAL_ADC_ConvHalfCpltCallback  stm32f1xx_hal_adc.o
    0x0800065c   0x0800065c   0x00000002   Code   RO         1056    i.HAL_ADC_ErrorCallback  stm32f1xx_hal_adc.o
    0x0800065e   0x0800065e   0x00000002   PAD
    0x08000660   0x08000660   0x00000164   Code   RO         1060    i.HAL_ADC_IRQHandler  stm32f1xx_hal_adc.o
    0x080007c4   0x080007c4   0x00000220   Code   RO         1061    i.HAL_ADC_Init      stm32f1xx_hal_adc.o
    0x080009e4   0x080009e4   0x00000002   Code   RO         1062    i.HAL_ADC_LevelOutOfWindowCallback  stm32f1xx_hal_adc.o
    0x080009e6   0x080009e6   0x00000002   PAD
    0x080009e8   0x080009e8   0x000000a8   Code   RO          908    i.HAL_ADC_MspInit   stm32f1xx_hal_msp.o
    0x08000a90   0x08000a90   0x00000154   Code   RO         1068    i.HAL_ADC_Start_DMA  stm32f1xx_hal_adc.o
    0x08000be4   0x08000be4   0x00000098   Code   RO         3652    i.HAL_DMA_Abort_IT  stm32f1xx_hal_dma.o
    0x08000c7c   0x08000c7c   0x00000154   Code   RO         3656    i.HAL_DMA_IRQHandler  stm32f1xx_hal_dma.o
    0x08000dd0   0x08000dd0   0x00000174   Code   RO         3657    i.HAL_DMA_Init      stm32f1xx_hal_dma.o
    0x08000f44   0x08000f44   0x000000cc   Code   RO         3661    i.HAL_DMA_Start_IT  stm32f1xx_hal_dma.o
    0x08001010   0x08001010   0x00000328   Code   RO         3587    i.HAL_GPIO_Init     stm32f1xx_hal_gpio.o
    0x08001338   0x08001338   0x00000058   Code   RO         3590    i.HAL_GPIO_TogglePin  stm32f1xx_hal_gpio.o
    0x08001390   0x08001390   0x0000006c   Code   RO         3591    i.HAL_GPIO_WritePin  stm32f1xx_hal_gpio.o
    0x080013fc   0x080013fc   0x0000000c   Code   RO         3298    i.HAL_GetTick       stm32f1xx_hal.o
    0x08001408   0x08001408   0x00000238   Code   RO         1333    i.HAL_I2C_Init      stm32f1xx_hal_i2c.o
    0x08001640   0x08001640   0x00000138   Code   RO         1344    i.HAL_I2C_Master_Transmit  stm32f1xx_hal_i2c.o
    0x08001778   0x08001778   0x00000268   Code   RO         1349    i.HAL_I2C_Mem_Read  stm32f1xx_hal_i2c.o
    0x080019e0   0x080019e0   0x00000044   Code   RO          910    i.HAL_I2C_MspInit   stm32f1xx_hal_msp.o
    0x08001a24   0x08001a24   0x000000d8   Code   RO         1720    i.HAL_IWDG_Init     stm32f1xx_hal_iwdg.o
    0x08001afc   0x08001afc   0x00000010   Code   RO         3302    i.HAL_IncTick       stm32f1xx_hal.o
    0x08001b0c   0x08001b0c   0x00000024   Code   RO         3303    i.HAL_Init          stm32f1xx_hal.o
    0x08001b30   0x08001b30   0x00000040   Code   RO         3304    i.HAL_InitTick      stm32f1xx_hal.o
    0x08001b70   0x08001b70   0x00000090   Code   RO          911    i.HAL_MspInit       stm32f1xx_hal_msp.o
    0x08001c00   0x08001c00   0x00000060   Code   RO         3747    i.HAL_NVIC_EnableIRQ  stm32f1xx_hal_cortex.o
    0x08001c60   0x08001c60   0x000000a0   Code   RO         3753    i.HAL_NVIC_SetPriority  stm32f1xx_hal_cortex.o
    0x08001d00   0x08001d00   0x00000080   Code   RO         3754    i.HAL_NVIC_SetPriorityGrouping  stm32f1xx_hal_cortex.o
    0x08001d80   0x08001d80   0x00000194   Code   RO         3550    i.HAL_RCCEx_PeriphCLKConfig  stm32f1xx_hal_rcc_ex.o
    0x08001f14   0x08001f14   0x00000002   Code   RO         3446    i.HAL_RCC_CSSCallback  stm32f1xx_hal_rcc.o
    0x08001f16   0x08001f16   0x00000002   PAD
    0x08001f18   0x08001f18   0x0000025c   Code   RO         3447    i.HAL_RCC_ClockConfig  stm32f1xx_hal_rcc.o
    0x08002174   0x08002174   0x0000000c   Code   RO         3450    i.HAL_RCC_EnableCSS  stm32f1xx_hal_rcc.o
    0x08002180   0x08002180   0x0000000c   Code   RO         3452    i.HAL_RCC_GetHCLKFreq  stm32f1xx_hal_rcc.o
    0x0800218c   0x0800218c   0x00000020   Code   RO         3454    i.HAL_RCC_GetPCLK1Freq  stm32f1xx_hal_rcc.o
    0x080021ac   0x080021ac   0x00000020   Code   RO         3455    i.HAL_RCC_GetPCLK2Freq  stm32f1xx_hal_rcc.o
    0x080021cc   0x080021cc   0x0000006c   Code   RO         3456    i.HAL_RCC_GetSysClockFreq  stm32f1xx_hal_rcc.o
    0x08002238   0x08002238   0x00000018   Code   RO         3458    i.HAL_RCC_NMI_IRQHandler  stm32f1xx_hal_rcc.o
    0x08002250   0x08002250   0x0000047a   Code   RO         3459    i.HAL_RCC_OscConfig  stm32f1xx_hal_rcc.o
    0x080026ca   0x080026ca   0x00000002   Code   RO         1757    i.HAL_SPI_ErrorCallback  stm32f1xx_hal_spi.o
    0x080026cc   0x080026cc   0x000000c4   Code   RO         1760    i.HAL_SPI_IRQHandler  stm32f1xx_hal_spi.o
    0x08002790   0x08002790   0x00000188   Code   RO         2073    i.HAL_SPI_Init      stm32f1xx_hal_spi_ex.o
    0x08002918   0x08002918   0x00000078   Code   RO          913    i.HAL_SPI_MspInit   stm32f1xx_hal_msp.o
    0x08002990   0x08002990   0x00000064   Code   RO         3756    i.HAL_SYSTICK_CLKSourceConfig  stm32f1xx_hal_cortex.o
    0x080029f4   0x080029f4   0x00000002   Code   RO         3757    i.HAL_SYSTICK_Callback  stm32f1xx_hal_cortex.o
    0x080029f6   0x080029f6   0x00000028   Code   RO         3758    i.HAL_SYSTICK_Config  stm32f1xx_hal_cortex.o
    0x08002a1e   0x08002a1e   0x00000008   Code   RO         3759    i.HAL_SYSTICK_IRQHandler  stm32f1xx_hal_cortex.o
    0x08002a26   0x08002a26   0x00000002   Code   RO         2728    i.HAL_TIMEx_BreakCallback  stm32f1xx_hal_tim_ex.o
    0x08002a28   0x08002a28   0x00000002   Code   RO         2729    i.HAL_TIMEx_CommutationCallback  stm32f1xx_hal_tim_ex.o
    0x08002a2a   0x08002a2a   0x00000002   PAD
    0x08002a2c   0x08002a2c   0x000000fc   Code   RO         2745    i.HAL_TIMEx_MasterConfigSynchronization  stm32f1xx_hal_tim_ex.o
    0x08002b28   0x08002b28   0x000000e0   Code   RO         2099    i.HAL_TIM_Base_Init  stm32f1xx_hal_tim.o
    0x08002c08   0x08002c08   0x0000003c   Code   RO          915    i.HAL_TIM_Base_MspInit  stm32f1xx_hal_msp.o
    0x08002c44   0x08002c44   0x00000084   Code   RO         2104    i.HAL_TIM_Base_Start_IT  stm32f1xx_hal_tim.o
    0x08002cc8   0x08002cc8   0x00000098   Code   RO         2107    i.HAL_TIM_Base_Stop_IT  stm32f1xx_hal_tim.o
    0x08002d60   0x08002d60   0x000003ac   Code   RO         2108    i.HAL_TIM_ConfigClockSource  stm32f1xx_hal_tim.o
    0x0800310c   0x0800310c   0x00000002   Code   RO         2128    i.HAL_TIM_IC_CaptureCallback  stm32f1xx_hal_tim.o
    0x0800310e   0x0800310e   0x00000166   Code   RO         2141    i.HAL_TIM_IRQHandler  stm32f1xx_hal_tim.o
    0x08003274   0x08003274   0x00000024   Code   RO          916    i.HAL_TIM_MspPostInit  stm32f1xx_hal_msp.o
    0x08003298   0x08003298   0x00000002   Code   RO         2144    i.HAL_TIM_OC_DelayElapsedCallback  stm32f1xx_hal_tim.o
    0x0800329a   0x0800329a   0x00000002   PAD
    0x0800329c   0x0800329c   0x000001f0   Code   RO         2165    i.HAL_TIM_PWM_ConfigChannel  stm32f1xx_hal_tim.o
    0x0800348c   0x0800348c   0x000000e8   Code   RO         2168    i.HAL_TIM_PWM_Init  stm32f1xx_hal_tim.o
    0x08003574   0x08003574   0x00000024   Code   RO          918    i.HAL_TIM_PWM_MspInit  stm32f1xx_hal_msp.o
    0x08003598   0x08003598   0x00000002   Code   RO         2171    i.HAL_TIM_PWM_PulseFinishedCallback  stm32f1xx_hal_tim.o
    0x0800359a   0x0800359a   0x00000002   Code   RO         2178    i.HAL_TIM_PeriodElapsedCallback  stm32f1xx_hal_tim.o
    0x0800359c   0x0800359c   0x00000002   Code   RO         2182    i.HAL_TIM_TriggerCallback  stm32f1xx_hal_tim.o
    0x0800359e   0x0800359e   0x00000002   Code   RO         2982    i.HAL_UART_ErrorCallback  stm32f1xx_hal_uart.o
    0x080035a0   0x080035a0   0x00000110   Code   RO         2985    i.HAL_UART_IRQHandler  stm32f1xx_hal_uart.o
    0x080036b0   0x080036b0   0x00000114   Code   RO         2986    i.HAL_UART_Init     stm32f1xx_hal_uart.o
    0x080037c4   0x080037c4   0x00000068   Code   RO          920    i.HAL_UART_MspInit  stm32f1xx_hal_msp.o
    0x0800382c   0x0800382c   0x00000002   Code   RO         2992    i.HAL_UART_RxCpltCallback  stm32f1xx_hal_uart.o
    0x0800382e   0x0800382e   0x000000ba   Code   RO         2994    i.HAL_UART_Transmit  stm32f1xx_hal_uart.o
    0x080038e8   0x080038e8   0x00000002   Code   RO         2997    i.HAL_UART_TxCpltCallback  stm32f1xx_hal_uart.o
    0x080038ea   0x080038ea   0x00000002   Code   RO          805    i.HardFault_Handler  stm32f1xx_it.o
    0x080038ec   0x080038ec   0x00000028   Code   RO         1371    i.I2C_IsAcknowledgeFailed  stm32f1xx_hal_i2c.o
    0x08003914   0x08003914   0x00000094   Code   RO         1375    i.I2C_MasterRequestWrite  stm32f1xx_hal_i2c.o
    0x080039a8   0x080039a8   0x000000f0   Code   RO         1380    i.I2C_RequestMemoryRead  stm32f1xx_hal_i2c.o
    0x08003a98   0x08003a98   0x0000004e   Code   RO         1384    i.I2C_WaitOnBTFFlagUntilTimeout  stm32f1xx_hal_i2c.o
    0x08003ae6   0x08003ae6   0x00000060   Code   RO         1385    i.I2C_WaitOnFlagUntilTimeout  stm32f1xx_hal_i2c.o
    0x08003b46   0x08003b46   0x00000002   PAD
    0x08003b48   0x08003b48   0x00000088   Code   RO         1386    i.I2C_WaitOnMasterAddressFlagUntilTimeout  stm32f1xx_hal_i2c.o
    0x08003bd0   0x08003bd0   0x00000062   Code   RO         1387    i.I2C_WaitOnRXNEFlagUntilTimeout  stm32f1xx_hal_i2c.o
    0x08003c32   0x08003c32   0x0000004e   Code   RO         1388    i.I2C_WaitOnTXEFlagUntilTimeout  stm32f1xx_hal_i2c.o
    0x08003c80   0x08003c80   0x000000a8   Code   RO          636    i.MX_ADC1_Init      main.o
    0x08003d28   0x08003d28   0x00000098   Code   RO          637    i.MX_GPIO_Init      main.o
    0x08003dc0   0x08003dc0   0x00000038   Code   RO          638    i.MX_I2C1_Init      main.o
    0x08003df8   0x08003df8   0x00000040   Code   RO          639    i.MX_SPI1_Init      main.o
    0x08003e38   0x08003e38   0x00000060   Code   RO          640    i.MX_TIM2_Init      main.o
    0x08003e98   0x08003e98   0x00000054   Code   RO          641    i.MX_TIM4_Init      main.o
    0x08003eec   0x08003eec   0x00000002   Code   RO          806    i.MemManage_Handler  stm32f1xx_it.o
    0x08003eee   0x08003eee   0x00000004   Code   RO          807    i.NMI_Handler       stm32f1xx_it.o
    0x08003ef2   0x08003ef2   0x00000020   Code   RO         3760    i.NVIC_SetPriority  stm32f1xx_hal_cortex.o
    0x08003f12   0x08003f12   0x00000002   Code   RO          808    i.PendSV_Handler    stm32f1xx_it.o
    0x08003f14   0x08003f14   0x0000000c   Code   RO          809    i.SPI1_IRQHandler   stm32f1xx_it.o
    0x08003f20   0x08003f20   0x00000010   Code   RO         1789    i.SPI_DMAAbortOnError  stm32f1xx_hal_spi.o
    0x08003f30   0x08003f30   0x00000002   Code   RO          810    i.SVC_Handler       stm32f1xx_it.o
    0x08003f32   0x08003f32   0x0000000e   Code   RO          811    i.SysTick_Handler   stm32f1xx_it.o
    0x08003f40   0x08003f40   0x00000084   Code   RO          642    i.SystemClock_Config  main.o
    0x08003fc4   0x08003fc4   0x00000048   Code   RO         4186    i.SystemInit        system_stm32f1xx.o
    0x0800400c   0x0800400c   0x00000044   Code   RO          812    i.TIM4_IRQHandler   stm32f1xx_it.o
    0x08004050   0x08004050   0x0000006c   Code   RO         2183    i.TIM_Base_SetConfig  stm32f1xx_hal_tim.o
    0x080040bc   0x080040bc   0x00000014   Code   RO         2190    i.TIM_ETR_SetConfig  stm32f1xx_hal_tim.o
    0x080040d0   0x080040d0   0x00000010   Code   RO         2191    i.TIM_ITRx_SetConfig  stm32f1xx_hal_tim.o
    0x080040e0   0x080040e0   0x000000cc   Code   RO         2192    i.TIM_OC1_SetConfig  stm32f1xx_hal_tim.o
    0x080041ac   0x080041ac   0x000000d4   Code   RO         2193    i.TIM_OC2_SetConfig  stm32f1xx_hal_tim.o
    0x08004280   0x08004280   0x000000d4   Code   RO         2194    i.TIM_OC3_SetConfig  stm32f1xx_hal_tim.o
    0x08004354   0x08004354   0x0000009c   Code   RO         2195    i.TIM_OC4_SetConfig  stm32f1xx_hal_tim.o
    0x080043f0   0x080043f0   0x00000022   Code   RO         2197    i.TIM_TI1_ConfigInputStage  stm32f1xx_hal_tim.o
    0x08004412   0x08004412   0x00000024   Code   RO         2199    i.TIM_TI2_ConfigInputStage  stm32f1xx_hal_tim.o
    0x08004436   0x08004436   0x00000010   Code   RO         2999    i.UART_DMAAbortOnError  stm32f1xx_hal_uart.o
    0x08004446   0x08004446   0x0000001c   Code   RO         3009    i.UART_EndRxTransfer  stm32f1xx_hal_uart.o
    0x08004462   0x08004462   0x00000096   Code   RO         3011    i.UART_Receive_IT   stm32f1xx_hal_uart.o
    0x080044f8   0x080044f8   0x00000208   Code   RO         3012    i.UART_SetConfig    stm32f1xx_hal_uart.o
    0x08004700   0x08004700   0x00000062   Code   RO         3013    i.UART_Transmit_IT  stm32f1xx_hal_uart.o
    0x08004762   0x08004762   0x00000064   Code   RO         3014    i.UART_WaitOnFlagUntilTimeout  stm32f1xx_hal_uart.o
    0x080047c6   0x080047c6   0x00000002   PAD
    0x080047c8   0x080047c8   0x00000058   Code   RO          813    i.USART1_IRQHandler  stm32f1xx_it.o
    0x08004820   0x08004820   0x00000002   Code   RO          814    i.UsageFault_Handler  stm32f1xx_it.o
    0x08004822   0x08004822   0x00000002   Code   RO          643    i._Error_Handler    main.o
    0x08004824   0x08004824   0x0000000e   Code   RO         4290    i.__scatterload_copy  mc_w.l(handlers.o)
    0x08004832   0x08004832   0x00000002   Code   RO         4291    i.__scatterload_null  mc_w.l(handlers.o)
    0x08004834   0x08004834   0x0000000e   Code   RO         4292    i.__scatterload_zeroinit  mc_w.l(handlers.o)
    0x08004842   0x08004842   0x00000002   Code   RO          644    i.assert_failed     main.o
    0x08004844   0x08004844   0x00000020   Code   RO           15    i.eMBEnable         mb.o
    0x08004864   0x08004864   0x00000072   Code   RO          436    i.eMBFuncReadCoils  mbfunccoils.o
    0x080048d6   0x080048d6   0x00000072   Code   RO          475    i.eMBFuncReadDiscreteInputs  mbfuncdisc.o
    0x08004948   0x08004948   0x0000005e   Code   RO          499    i.eMBFuncReadHoldingRegister  mbfuncholding.o
    0x080049a6   0x080049a6   0x00000062   Code   RO          541    i.eMBFuncReadInputRegister  mbfuncinput.o
    0x08004a08   0x08004a08   0x0000009c   Code   RO          500    i.eMBFuncReadWriteMultipleHoldingRegister  mbfuncholding.o
    0x08004aa4   0x08004aa4   0x00000024   Code   RO          565    i.eMBFuncReportSlaveID  mbfuncother.o
    0x08004ac8   0x08004ac8   0x00000056   Code   RO          437    i.eMBFuncWriteCoil  mbfunccoils.o
    0x08004b1e   0x08004b1e   0x00000032   Code   RO          501    i.eMBFuncWriteHoldingRegister  mbfuncholding.o
    0x08004b50   0x08004b50   0x00000064   Code   RO          438    i.eMBFuncWriteMultipleCoils  mbfunccoils.o
    0x08004bb4   0x08004bb4   0x0000004e   Code   RO          502    i.eMBFuncWriteMultipleHoldingRegister  mbfuncholding.o
    0x08004c02   0x08004c02   0x00000002   PAD
    0x08004c04   0x08004c04   0x00000080   Code   RO           16    i.eMBInit           mb.o
    0x08004c84   0x08004c84   0x000000b4   Code   RO           17    i.eMBPoll           mb.o
    0x08004d38   0x08004d38   0x00000040   Code   RO          363    i.eMBRTUInit        mbrtu.o
    0x08004d78   0x08004d78   0x00000054   Code   RO          364    i.eMBRTUReceive     mbrtu.o
    0x08004dcc   0x08004dcc   0x00000064   Code   RO          365    i.eMBRTUSend        mbrtu.o
    0x08004e30   0x08004e30   0x00000020   Code   RO          366    i.eMBRTUStart       mbrtu.o
    0x08004e50   0x08004e50   0x00000014   Code   RO          367    i.eMBRTUStop        mbrtu.o
    0x08004e64   0x08004e64   0x00000004   Code   RO          645    i.eMBRegCoilsCB     main.o
    0x08004e68   0x08004e68   0x00000004   Code   RO          646    i.eMBRegDiscreteCB  main.o
    0x08004e6c   0x08004e6c   0x00000004   Code   RO          647    i.eMBRegHoldingCB   main.o
    0x08004e70   0x08004e70   0x00000054   Code   RO          648    i.eMBRegInputCB     main.o
    0x08004ec4   0x08004ec4   0x00000158   Code   RO          649    i.main              main.o
    0x0800501c   0x0800501c   0x0000003c   Code   RO          650    i.mpu6050_getaccel  main.o
    0x08005058   0x08005058   0x00000048   Code   RO          651    i.mpu6050_getacceldata  main.o
    0x080050a0   0x080050a0   0x00000034   Code   RO          653    i.mpu6050_getgyro   main.o
    0x080050d4   0x080050d4   0x0000004c   Code   RO          654    i.mpu6050_getgyrodata  main.o
    0x08005120   0x08005120   0x0000002e   Code   RO          655    i.mpu6050_init      main.o
    0x0800514e   0x0800514e   0x00000002   PAD
    0x08005150   0x08005150   0x0000002c   Code   RO          656    i.mpu6050_read      main.o
    0x0800517c   0x0800517c   0x00000020   Code   RO          657    i.mpu6050_write     main.o
    0x0800519c   0x0800519c   0x00000018   Code   RO          598    i.prveMBError2Exception  mbutils.o
    0x080051b4   0x080051b4   0x0000002c   Code   RO          337    i.usMBCRC16         mbcrc.o
    0x080051e0   0x080051e0   0x00000030   Code   RO          254    i.vMBPortSerialEnable  portserial.o
    0x08005210   0x08005210   0x0000000c   Code   RO          324    i.vMBPortTimersDisable  porttimer.o
    0x0800521c   0x0800521c   0x00000014   Code   RO          318    i.vMBPortTimersEnable  porttimer.o
    0x08005230   0x08005230   0x0000001c   Code   RO          205    i.xMBPortEventGet   portevent.o
    0x0800524c   0x0800524c   0x00000010   Code   RO          206    i.xMBPortEventInit  portevent.o
    0x0800525c   0x0800525c   0x00000010   Code   RO          207    i.xMBPortEventPost  portevent.o
    0x0800526c   0x0800526c   0x00000010   Code   RO          255    i.xMBPortSerialGetByte  portserial.o
    0x0800527c   0x0800527c   0x00000004   Code   RO          256    i.xMBPortSerialInit  portserial.o
    0x08005280   0x08005280   0x0000001c   Code   RO          257    i.xMBPortSerialPutByte  portserial.o
    0x0800529c   0x0800529c   0x0000000c   Code   RO          297    i.xMBPortTimersInit  porttimer.o
    0x080052a8   0x080052a8   0x00000068   Code   RO          368    i.xMBRTUReceiveFSM  mbrtu.o
    0x08005310   0x08005310   0x00000040   Code   RO          369    i.xMBRTUTimerT35Expired  mbrtu.o
    0x08005350   0x08005350   0x0000005c   Code   RO          370    i.xMBRTUTransmitFSM  mbrtu.o
    0x080053ac   0x080053ac   0x00000200   Data   RO          338    .constdata          mbcrc.o
    0x080055ac   0x080055ac   0x00000010   Data   RO         4187    .constdata          system_stm32f1xx.o
    0x080055bc   0x080055bc   0x00000008   Data   RO         4188    .constdata          system_stm32f1xx.o
    0x080055c4   0x080055c4   0x00000020   Data   RO         4288    Region$$Table       anon$$obj.o


    Execution Region RW_IRAM1 (Exec base: 0x20000000, Load base: 0x080055e4, Size: 0x00000860, Max: 0x00005000, ABSOLUTE)

    Exec Addr    Load Addr    Size         Type   Attr      Idx    E Section Name        Object

    0x20000000   0x080055e4   0x000000ac   Data   RW           19    .data               mb.o
    0x200000ac   0x08005690   0x00000002   Data   RW          208    .data               portevent.o
    0x200000ae   0x08005692   0x00000004   Data   RW          298    .data               porttimer.o
    0x200000b2   0x08005696   0x00000002   PAD
    0x200000b4   0x08005698   0x0000000c   Data   RW          372    .data               mbrtu.o
    0x200000c0   0x080056a4   0x00000002   Data   RW          568    .data               mbfuncother.o
    0x200000c2   0x080056a6   0x0000001a   Data   RW          661    .data               main.o
    0x200000dc   0x080056c0   0x0000000c   Data   RW         3310    .data               stm32f1xx_hal.o
    0x200000e8   0x080056cc   0x00000004   Data   RW         4189    .data               system_stm32f1xx.o
    0x200000ec        -       0x00000100   Zero   RW          371    .bss                mbrtu.o
    0x200001ec        -       0x00000020   Zero   RW          567    .bss                mbfuncother.o
    0x2000020c        -       0x0000020c   Zero   RW          659    .bss                main.o
    0x20000418        -       0x00000044   Zero   RW          660    .bss                main.o
    0x2000045c   0x080056d0   0x00000004   PAD
    0x20000460        -       0x00000400   Zero   RW            1    STACK               startup_stm32f103xb.o


==============================================================================

Image component sizes


      Code (inc. data)   RO Data    RW Data    ZI Data      Debug   Object Name

      1640        134          0         26        592      14983   main.o
       340         40          0        172          0     475200   mb.o
        44          4        512          0          0       1200   mbcrc.o
       300          0          0          0          0       3650   mbfunccoils.o
       114          0          0          0          0       1520   mbfuncdisc.o
       378          0          0          0          0       5047   mbfuncholding.o
        98          0          0          0          0       1511   mbfuncinput.o
        36         10          0          2         32       1339   mbfuncother.o
       560         52          0         12        256       6063   mbrtu.o
        24          0          0          0          0        608   mbutils.o
        60         14          0          2          0       2753   portevent.o
        96         12          0          0          0       2557   portserial.o
        44         18          0          4          0       1667   porttimer.o
        36          8        236          0       1024        804   startup_stm32f103xb.o
       128         24          0         12          0       3253   stm32f1xx_hal.o
      2094        298          0          0          0      10010   stm32f1xx_hal_adc.o
         2          0          0          0          0       1061   stm32f1xx_hal_adc_ex.o
       566        256          0          0          0      27601   stm32f1xx_hal_cortex.o
      1110        144          0          0          0       4510   stm32f1xx_hal_dma.o
      1004        244          0          0          0       3729   stm32f1xx_hal_gpio.o
      2410        170          0          0          0      12480   stm32f1xx_hal_i2c.o
       216         66          0          0          0       1188   stm32f1xx_hal_iwdg.o
       736        124          0          0          0       5346   stm32f1xx_hal_msp.o
      1972        220          0          0          0       7387   stm32f1xx_hal_rcc.o
       404         74          0          0          0       1428   stm32f1xx_hal_rcc_ex.o
       214          6          0          0          0       2625   stm32f1xx_hal_spi.o
       392         68          0          0          0       1147   stm32f1xx_hal_spi_ex.o
      3542        666          0          0          0      15833   stm32f1xx_hal_tim.o
       256         74          0          0          0       2374   stm32f1xx_hal_tim_ex.o
      1652        148          0          0          0       9179   stm32f1xx_hal_uart.o
       224         44          0          0          0       6994   stm32f1xx_it.o
        72         16         24          4          0       1171   system_stm32f1xx.o

    ----------------------------------------------------------------------
     20786       2934        804        236       1908     636218   Object Totals
         0          0         32          0          0          0   (incl. Generated)
        22          0          0          2          4          0   (incl. Padding)

    ----------------------------------------------------------------------

      Code (inc. data)   RO Data    RW Data    ZI Data      Debug   Library Member Name

         0          0          0          0          0          0   entry.o
         0          0          0          0          0          0   entry10a.o
         0          0          0          0          0          0   entry11a.o
         8          4          0          0          0          0   entry2.o
         4          0          0          0          0          0   entry5.o
         0          0          0          0          0          0   entry7b.o
         0          0          0          0          0          0   entry8b.o
         8          4          0          0          0          0   entry9a.o
        30          0          0          0          0          0   handlers.o
        36          8          0          0          0         68   init.o
         0          0          0          0          0          0   iusefp.o
        36          0          0          0          0         68   memcpya.o
       124          0          0          0          0         88   fdiv.o
       110          0          0          0          0        168   fepilogue.o
        18          0          0          0          0         68   fflti.o
        24          0          0          0          0         68   fscalb.o

    ----------------------------------------------------------------------
       398         16          0          0          0        528   Library Totals
         0          0          0          0          0          0   (incl. Padding)

    ----------------------------------------------------------------------

      Code (inc. data)   RO Data    RW Data    ZI Data      Debug   Library Name

       122         16          0          0          0        136   mc_w.l
       276          0          0          0          0        392   mf_w.l

    ----------------------------------------------------------------------
       398         16          0          0          0        528   Library Totals

    ----------------------------------------------------------------------

==============================================================================


      Code (inc. data)   RO Data    RW Data    ZI Data      Debug   

     21184       2950        804        236       1908     627850   Grand Totals
     21184       2950        804        236       1908     627850   ELF Image Totals
     21184       2950        804        236          0          0   ROM Totals

==============================================================================

    Total RO  Size (Code + RO Data)                21988 (  21.47kB)
    Total RW  Size (RW Data + ZI Data)              2144 (   2.09kB)
    Total ROM Size (Code + RO Data + RW Data)      22224 (  21.70kB)

==============================================================================

